complete 1 C_pun type-act
complete 2 C_rew type-act
complete 3 F_pun type-act
complete 4 F_rew type-act
complete 5 S_pun type-act
complete 6 S_rew type-act
complete 7 C_neu type-act
complete 8 F_neu type-act
complete 9 S_neu type-act
complete 10 rew-pun type-act
complete 11 F-S type-act
complete 12 F-C type-act
Terminated
Terminated
Terminated
Terminated
Terminated
Terminated
Terminated
Terminated
Terminated
Terminated
Terminated
Terminated
complete 13 FS-C type-act
complete 14 rew-pun_F-S type-act
complete 15 rew-pun_S-C type-act
complete 16 rew-pun_F-C type-act
complete 17 rew_F-S type-act
complete 18 rew_S-C type-act
complete 19 rew_F-C type-act
complete 20 rew-neu_F-S type-act
complete 21 rew-neu_S-C type-act
complete 22 reu-neu_F-C type-act
complete 23 F-SC type-act
complete 24 rew_F-SC type-act
