complete 1 C_pun type-act
complete 2 C_rew type-act
complete 3 F_pun type-act
complete 4 F_rew type-act
complete 5 S_pun type-act
complete 6 S_rew type-act
complete 7 C_neu type-act
complete 8 F_neu type-act
complete 9 S_neu type-act
complete 10 rew-pun type-act
complete 11 F-S type-act
complete 12 F-C type-act
child killed: hangup
    while executing
"fsl:exec "${FSLDIR}/bin/feat ${fsfroot}.fsf -D $FD -gfeatprep" -b 60 -N feat2_pre -l logs "
    invoked from within
"if { $done_something == 0 } {

    if { ! $fmri(inmelodic) } {
       if { $fmri(level) == 1 } {
	      for { set session 1 } { $session <= $fmri(mult..."
    (file "/usr/local/fsl/bin/feat" line 390)
child killed: hangup
    while executing
"fsl:exec "${FSLDIR}/bin/feat ${fsfroot}.fsf -D $FD -gfeatprep" -b 60 -N feat2_pre -l logs "
    invoked from within
"if { $done_something == 0 } {

    if { ! $fmri(inmelodic) } {
       if { $fmri(level) == 1 } {
	      for { set session 1 } { $session <= $fmri(mult..."
    (file "/usr/local/fsl/bin/feat" line 390)
child killed: hangup
    while executing
"fsl:exec "${FSLDIR}/bin/feat ${fsfroot}.fsf -D $FD -gfeatprep" -b 60 -N feat2_pre -l logs "
    invoked from within
"if { $done_something == 0 } {

    if { ! $fmri(inmelodic) } {
       if { $fmri(level) == 1 } {
	      for { set session 1 } { $session <= $fmri(mult..."
    (file "/usr/local/fsl/bin/feat" line 390)
child killed: hangup
    while executing
"fsl:exec "${FSLDIR}/bin/feat ${fsfroot}.fsf -D $FD -gfeatprep" -b 60 -N feat2_pre -l logs "
    invoked from within
"if { $done_something == 0 } {

    if { ! $fmri(inmelodic) } {
       if { $fmri(level) == 1 } {
	      for { set session 1 } { $session <= $fmri(mult..."
    (file "/usr/local/fsl/bin/feat" line 390)
child killed: hangup
    while executing
"fsl:exec "${FSLDIR}/bin/feat ${fsfroot}.fsf -D $FD -gfeatprep" -b 60 -N feat2_pre -l logs "
    invoked from within
"if { $done_something == 0 } {

    if { ! $fmri(inmelodic) } {
       if { $fmri(level) == 1 } {
	      for { set session 1 } { $session <= $fmri(mult..."
    (file "/usr/local/fsl/bin/feat" line 390)
child killed: hangup
    while executing
"fsl:exec "${FSLDIR}/bin/feat ${fsfroot}.fsf -D $FD -gfeatprep" -b 60 -N feat2_pre -l logs "
    invoked from within
"if { $done_something == 0 } {

    if { ! $fmri(inmelodic) } {
       if { $fmri(level) == 1 } {
	      for { set session 1 } { $session <= $fmri(mult..."
    (file "/usr/local/fsl/bin/feat" line 390)
child killed: hangup
    while executing
"fsl:exec "${FSLDIR}/bin/feat ${fsfroot}.fsf -D $FD -gfeatprep" -b 60 -N feat2_pre -l logs "
    invoked from within
"if { $done_something == 0 } {

    if { ! $fmri(inmelodic) } {
       if { $fmri(level) == 1 } {
	      for { set session 1 } { $session <= $fmri(mult..."
    (file "/usr/local/fsl/bin/feat" line 390)
child killed: hangup
    while executing
"fsl:exec "${FSLDIR}/bin/feat ${fsfroot}.fsf -D $FD -gfeatprep" -b 60 -N feat2_pre -l logs "
    invoked from within
"if { $done_something == 0 } {

    if { ! $fmri(inmelodic) } {
       if { $fmri(level) == 1 } {
	      for { set session 1 } { $session <= $fmri(mult..."
    (file "/usr/local/fsl/bin/feat" line 390)
child killed: hangup
    while executing
"fsl:exec "${FSLDIR}/bin/feat ${fsfroot}.fsf -D $FD -gfeatprep" -b 60 -N feat2_pre -l logs "
    invoked from within
"if { $done_something == 0 } {

    if { ! $fmri(inmelodic) } {
       if { $fmri(level) == 1 } {
	      for { set session 1 } { $session <= $fmri(mult..."
    (file "/usr/local/fsl/bin/feat" line 390)
child killed: hangup
    while executing
"fsl:exec "${FSLDIR}/bin/feat ${fsfroot}.fsf -D $FD -gfeatprep" -b 60 -N feat2_pre -l logs "
    invoked from within
"if { $done_something == 0 } {

    if { ! $fmri(inmelodic) } {
       if { $fmri(level) == 1 } {
	      for { set session 1 } { $session <= $fmri(mult..."
    (file "/usr/local/fsl/bin/feat" line 390)
child killed: hangup
    while executing
"fsl:exec "${FSLDIR}/bin/feat ${fsfroot}.fsf -D $FD -gfeatprep" -b 60 -N feat2_pre -l logs "
    invoked from within
"if { $done_something == 0 } {

    if { ! $fmri(inmelodic) } {
       if { $fmri(level) == 1 } {
	      for { set session 1 } { $session <= $fmri(mult..."
    (file "/usr/local/fsl/bin/feat" line 390)
child killed: hangup
    while executing
"fsl:exec "${FSLDIR}/bin/feat ${fsfroot}.fsf -D $FD -gfeatprep" -b 60 -N feat2_pre -l logs "
    invoked from within
"if { $done_something == 0 } {

    if { ! $fmri(inmelodic) } {
       if { $fmri(level) == 1 } {
	      for { set session 1 } { $session <= $fmri(mult..."
    (file "/usr/local/fsl/bin/feat" line 390)
complete 13 FS-C type-act
To view the FEAT progress and final report, point your web browser at /ZPOOL/data/projects/rf1-sra-sharedreward/derivatives/fsl/L3_task-sharedreward_model-1_type-act_n93/L3_task-sharedreward_type-act_cnum-13_cname-FS-C_onegroup.gfeat/report_log.html
complete 14 rew-pun_F-S type-act
To view the FEAT progress and final report, point your web browser at /ZPOOL/data/projects/rf1-sra-sharedreward/derivatives/fsl/L3_task-sharedreward_model-1_type-act_n93/L3_task-sharedreward_type-act_cnum-14_cname-rew-pun_F-S_onegroup.gfeat/report_log.html
complete 15 rew-pun_S-C type-act
To view the FEAT progress and final report, point your web browser at /ZPOOL/data/projects/rf1-sra-sharedreward/derivatives/fsl/L3_task-sharedreward_model-1_type-act_n93/L3_task-sharedreward_type-act_cnum-15_cname-rew-pun_S-C_onegroup.gfeat/report_log.html
complete 16 rew-pun_F-C type-act
To view the FEAT progress and final report, point your web browser at /ZPOOL/data/projects/rf1-sra-sharedreward/derivatives/fsl/L3_task-sharedreward_model-1_type-act_n93/L3_task-sharedreward_type-act_cnum-16_cname-rew-pun_F-C_onegroup.gfeat/report_log.html
complete 17 rew_F-S type-act
To view the FEAT progress and final report, point your web browser at /ZPOOL/data/projects/rf1-sra-sharedreward/derivatives/fsl/L3_task-sharedreward_model-1_type-act_n93/L3_task-sharedreward_type-act_cnum-17_cname-rew_F-S_onegroup.gfeat/report_log.html
complete 18 rew_S-C type-act
To view the FEAT progress and final report, point your web browser at /ZPOOL/data/projects/rf1-sra-sharedreward/derivatives/fsl/L3_task-sharedreward_model-1_type-act_n93/L3_task-sharedreward_type-act_cnum-18_cname-rew_S-C_onegroup.gfeat/report_log.html
complete 19 rew_F-C type-act
To view the FEAT progress and final report, point your web browser at /ZPOOL/data/projects/rf1-sra-sharedreward/derivatives/fsl/L3_task-sharedreward_model-1_type-act_n93/L3_task-sharedreward_type-act_cnum-19_cname-rew_F-C_onegroup.gfeat/report_log.html
complete 20 rew-neu_F-S type-act
To view the FEAT progress and final report, point your web browser at /ZPOOL/data/projects/rf1-sra-sharedreward/derivatives/fsl/L3_task-sharedreward_model-1_type-act_n93/L3_task-sharedreward_type-act_cnum-20_cname-rew-neu_F-S_onegroup.gfeat/report_log.html
complete 21 rew-neu_S-C type-act
To view the FEAT progress and final report, point your web browser at /ZPOOL/data/projects/rf1-sra-sharedreward/derivatives/fsl/L3_task-sharedreward_model-1_type-act_n93/L3_task-sharedreward_type-act_cnum-21_cname-rew-neu_S-C_onegroup.gfeat/report_log.html
complete 22 reu-neu_F-C type-act
To view the FEAT progress and final report, point your web browser at /ZPOOL/data/projects/rf1-sra-sharedreward/derivatives/fsl/L3_task-sharedreward_model-1_type-act_n93/L3_task-sharedreward_type-act_cnum-22_cname-reu-neu_F-C_onegroup.gfeat/report_log.html
complete 23 F-SC type-act
To view the FEAT progress and final report, point your web browser at /ZPOOL/data/projects/rf1-sra-sharedreward/derivatives/fsl/L3_task-sharedreward_model-1_type-act_n93/L3_task-sharedreward_type-act_cnum-23_cname-F-SC_onegroup.gfeat/report_log.html
complete 24 rew_F-SC type-act
To view the FEAT progress and final report, point your web browser at /ZPOOL/data/projects/rf1-sra-sharedreward/derivatives/fsl/L3_task-sharedreward_model-1_type-act_n93/L3_task-sharedreward_type-act_cnum-24_cname-rew_F-SC_onegroup.gfeat/report_log.html
