skipping existing output
skipping existing output
skipping existing output
skipping existing output
skipping existing output
skipping existing output
skipping existing output
skipping existing output
skipping existing output
skipping existing output
skipping existing output
skipping existing output
skipping existing output
skipping existing output
skipping existing output
skipping existing output
skipping existing output
skipping existing output
skipping existing output
skipping existing output
skipping existing output
skipping existing output
skipping existing output
skipping existing output
skipping existing output
skipping existing output
skipping existing output
skipping existing output
skipping existing output
skipping existing output
skipping existing output
skipping existing output
skipping existing output
skipping existing output
skipping existing output
skipping existing output
skipping existing output
skipping existing output
skipping existing output
skipping existing output
skipping existing output
skipping existing output
skipping existing output
skipping existing output
skipping existing output
skipping existing output
skipping existing output
skipping existing output
skipping existing output
skipping existing output
skipping existing output
skipping existing output
skipping existing output
skipping existing output
skipping existing output
skipping existing output
skipping existing output
skipping existing output
skipping existing output
skipping existing output
skipping existing output
skipping existing output
skipping existing output
skipping existing output
skipping existing output
skipping existing output
skipping existing output
skipping existing output
skipping existing output
skipping existing output
skipping existing output
skipping existing output
skipping existing output
skipping existing output
To view the FEAT progress and final report, point your web browser at /ZPOOL/data/projects/rf1-sra-sharedreward/derivatives/fsl/sub-10898/L2_task-sharedreward_model-1_type-act_sm-6.gfeat/report_log.html
skipping existing output
To view the FEAT progress and final report, point your web browser at /ZPOOL/data/projects/rf1-sra-sharedreward/derivatives/fsl/sub-10918/L2_task-sharedreward_model-1_type-act_sm-6.gfeat/report_log.html
To view the FEAT progress and final report, point your web browser at /ZPOOL/data/projects/rf1-sra-sharedreward/derivatives/fsl/sub-10928/L2_task-sharedreward_model-1_type-act_sm-6.gfeat/report_log.html
To view the FEAT progress and final report, point your web browser at /ZPOOL/data/projects/rf1-sra-sharedreward/derivatives/fsl/sub-10930/L2_task-sharedreward_model-1_type-act_sm-6.gfeat/report_log.html
child process exited abnormally
    while executing
"fsl:exec "${FSLDIR}/bin/feat ${fsfroot}.fsf -D $FD -gfeatprep" -b 60 -N feat2_pre -l logs "
    invoked from within
"if { $done_something == 0 } {

    if { ! $fmri(inmelodic) } {
       if { $fmri(level) == 1 } {
	      for { set session 1 } { $session <= $fmri(mult..."
    (file "/usr/local/fsl/bin/feat" line 390)
To view the FEAT progress and final report, point your web browser at /ZPOOL/data/projects/rf1-sra-sharedreward/derivatives/fsl/sub-10938/L2_task-sharedreward_model-1_type-act_sm-6.gfeat/report_log.html
child process exited abnormally
    while executing
"fsl:exec "${FSLDIR}/bin/feat ${fsfroot}.fsf -D $FD -gfeatprep" -b 60 -N feat2_pre -l logs "
    invoked from within
"if { $done_something == 0 } {

    if { ! $fmri(inmelodic) } {
       if { $fmri(level) == 1 } {
	      for { set session 1 } { $session <= $fmri(mult..."
    (file "/usr/local/fsl/bin/feat" line 390)
skipping existing output
To view the FEAT progress and final report, point your web browser at /ZPOOL/data/projects/rf1-sra-sharedreward/derivatives/fsl/sub-10952/L2_task-sharedreward_model-1_type-act_sm-6.gfeat/report_log.html
To view the FEAT progress and final report, point your web browser at /ZPOOL/data/projects/rf1-sra-sharedreward/derivatives/fsl/sub-10958/L2_task-sharedreward_model-1_type-act_sm-6.gfeat/report_log.html
To view the FEAT progress and final report, point your web browser at /ZPOOL/data/projects/rf1-sra-sharedreward/derivatives/fsl/sub-10977/L2_task-sharedreward_model-1_type-act_sm-6.gfeat/report_log.html
complete 10977
