child process exited abnormally
    while executing
"fsl:exec "${FSLDIR}/bin/feat_model design" $fmri(featModelOpts) -N feat0_model -l logs "
    (procedure "firstLevelMaster" line 43)
    invoked from within
"firstLevelMaster $session"
    invoked from within
"if { $done_something == 0 } {

    if { ! $fmri(inmelodic) } {
       if { $fmri(level) == 1 } {
	      for { set session 1 } { $session <= $fmri(mult..."
    (file "/usr/local/fsl/bin/feat" line 390)
To view the FEAT progress and final report, point your web browser at /ZPOOL/data/projects/rf1-sra-sharedreward/derivatives/fsl/sub-10640/L1_task-sharedreward_model-1_type-act_run-1_sm-5.feat/report_log.html
To view the FEAT progress and final report, point your web browser at /ZPOOL/data/projects/rf1-sra-sharedreward/derivatives/fsl/sub-10640/L1_task-sharedreward_model-1_type-act_run-2_sm-5.feat/report_log.html
child process exited abnormally
    while executing
"fsl:exec "${FSLDIR}/bin/feat_model design" $fmri(featModelOpts) -N feat0_model -l logs "
    (procedure "firstLevelMaster" line 43)
    invoked from within
"firstLevelMaster $session"
    invoked from within
"if { $done_something == 0 } {

    if { ! $fmri(inmelodic) } {
       if { $fmri(level) == 1 } {
	      for { set session 1 } { $session <= $fmri(mult..."
    (file "/usr/local/fsl/bin/feat" line 390)
child process exited abnormally
    while executing
"fsl:exec "${FSLDIR}/bin/feat_model design" $fmri(featModelOpts) -N feat0_model -l logs "
    (procedure "firstLevelMaster" line 43)
    invoked from within
"firstLevelMaster $session"
    invoked from within
"if { $done_something == 0 } {

    if { ! $fmri(inmelodic) } {
       if { $fmri(level) == 1 } {
	      for { set session 1 } { $session <= $fmri(mult..."
    (file "/usr/local/fsl/bin/feat" line 390)
To view the FEAT progress and final report, point your web browser at /ZPOOL/data/projects/rf1-sra-sharedreward/derivatives/fsl/sub-10718/L1_task-sharedreward_model-1_type-act_run-1_sm-5.feat/report_log.html
To view the FEAT progress and final report, point your web browser at /ZPOOL/data/projects/rf1-sra-sharedreward/derivatives/fsl/sub-10718/L1_task-sharedreward_model-1_type-act_run-2_sm-5.feat/report_log.html
To view the FEAT progress and final report, point your web browser at /ZPOOL/data/projects/rf1-sra-sharedreward/derivatives/fsl/sub-10748/L1_task-sharedreward_model-1_type-act_run-1_sm-5.feat/report_log.html
To view the FEAT progress and final report, point your web browser at /ZPOOL/data/projects/rf1-sra-sharedreward/derivatives/fsl/sub-10748/L1_task-sharedreward_model-1_type-act_run-2_sm-5.feat/report_log.html
To view the FEAT progress and final report, point your web browser at /ZPOOL/data/projects/rf1-sra-sharedreward/derivatives/fsl/sub-10767/L1_task-sharedreward_model-1_type-act_run-1_sm-5.feat/report_log.html
To view the FEAT progress and final report, point your web browser at /ZPOOL/data/projects/rf1-sra-sharedreward/derivatives/fsl/sub-10767/L1_task-sharedreward_model-1_type-act_run-2_sm-5.feat/report_log.html
To view the FEAT progress and final report, point your web browser at /ZPOOL/data/projects/rf1-sra-sharedreward/derivatives/fsl/sub-10770/L1_task-sharedreward_model-1_type-act_run-1_sm-5.feat/report_log.html
To view the FEAT progress and final report, point your web browser at /ZPOOL/data/projects/rf1-sra-sharedreward/derivatives/fsl/sub-10770/L1_task-sharedreward_model-1_type-act_run-2_sm-5.feat/report_log.html
To view the FEAT progress and final report, point your web browser at /ZPOOL/data/projects/rf1-sra-sharedreward/derivatives/fsl/sub-10785/L1_task-sharedreward_model-1_type-act_run-1_sm-5.feat/report_log.html
To view the FEAT progress and final report, point your web browser at /ZPOOL/data/projects/rf1-sra-sharedreward/derivatives/fsl/sub-10785/L1_task-sharedreward_model-1_type-act_run-2_sm-5.feat/report_log.html
To view the FEAT progress and final report, point your web browser at /ZPOOL/data/projects/rf1-sra-sharedreward/derivatives/fsl/sub-10794/L1_task-sharedreward_model-1_type-act_run-1_sm-5.feat/report_log.html
To view the FEAT progress and final report, point your web browser at /ZPOOL/data/projects/rf1-sra-sharedreward/derivatives/fsl/sub-10794/L1_task-sharedreward_model-1_type-act_run-2_sm-5.feat/report_log.html
To view the FEAT progress and final report, point your web browser at /ZPOOL/data/projects/rf1-sra-sharedreward/derivatives/fsl/sub-10801/L1_task-sharedreward_model-1_type-act_run-1_sm-5.feat/report_log.html
To view the FEAT progress and final report, point your web browser at /ZPOOL/data/projects/rf1-sra-sharedreward/derivatives/fsl/sub-10801/L1_task-sharedreward_model-1_type-act_run-2_sm-5.feat/report_log.html
To view the FEAT progress and final report, point your web browser at /ZPOOL/data/projects/rf1-sra-sharedreward/derivatives/fsl/sub-10802/L1_task-sharedreward_model-1_type-act_run-1_sm-5.feat/report_log.html
To view the FEAT progress and final report, point your web browser at /ZPOOL/data/projects/rf1-sra-sharedreward/derivatives/fsl/sub-10802/L1_task-sharedreward_model-1_type-act_run-2_sm-5.feat/report_log.html
To view the FEAT progress and final report, point your web browser at /ZPOOL/data/projects/rf1-sra-sharedreward/derivatives/fsl/sub-10803/L1_task-sharedreward_model-1_type-act_run-1_sm-5.feat/report_log.html
To view the FEAT progress and final report, point your web browser at /ZPOOL/data/projects/rf1-sra-sharedreward/derivatives/fsl/sub-10806/L1_task-sharedreward_model-1_type-act_run-1_sm-5.feat/report_log.html
To view the FEAT progress and final report, point your web browser at /ZPOOL/data/projects/rf1-sra-sharedreward/derivatives/fsl/sub-10806/L1_task-sharedreward_model-1_type-act_run-2_sm-5.feat/report_log.html
To view the FEAT progress and final report, point your web browser at /ZPOOL/data/projects/rf1-sra-sharedreward/derivatives/fsl/sub-10807/L1_task-sharedreward_model-1_type-act_run-1_sm-5.feat/report_log.html
To view the FEAT progress and final report, point your web browser at /ZPOOL/data/projects/rf1-sra-sharedreward/derivatives/fsl/sub-10807/L1_task-sharedreward_model-1_type-act_run-2_sm-5.feat/report_log.html
To view the FEAT progress and final report, point your web browser at /ZPOOL/data/projects/rf1-sra-sharedreward/derivatives/fsl/sub-10809/L1_task-sharedreward_model-1_type-act_run-1_sm-5.feat/report_log.html
child process exited abnormally
    while executing
"fsl:exec "${FSLDIR}/bin/feat_model design" $fmri(featModelOpts) -N feat0_model -l logs "
    (procedure "firstLevelMaster" line 43)
    invoked from within
"firstLevelMaster $session"
    invoked from within
"if { $done_something == 0 } {

    if { ! $fmri(inmelodic) } {
       if { $fmri(level) == 1 } {
	      for { set session 1 } { $session <= $fmri(mult..."
    (file "/usr/local/fsl/bin/feat" line 390)
To view the FEAT progress and final report, point your web browser at /ZPOOL/data/projects/rf1-sra-sharedreward/derivatives/fsl/sub-10812/L1_task-sharedreward_model-1_type-act_run-1_sm-5.feat/report_log.html
To view the FEAT progress and final report, point your web browser at /ZPOOL/data/projects/rf1-sra-sharedreward/derivatives/fsl/sub-10812/L1_task-sharedreward_model-1_type-act_run-2_sm-5.feat/report_log.html
