skipping existing output
skipping existing output
skipping existing output
skipping existing output
/ZPOOL/data/projects/rf1-sra-sharedreward/code/L2stats.sh: line 51: /ZPOOL/data/projects/rf1-sra-sharedreward/logs/rerunL2_date-2023-10-10T1609.log: No such file or directory
To view the FEAT progress and final report, point your web browser at /ZPOOL/data/projects/rf1-sra-sharedreward/derivatives/fsl/sub-10429/L2_task-sharedreward_model-1_type-act_sm-5.gfeat/report_log.html
couldn't read file "/ZPOOL/data/projects/rf1-sra-sharedreward/derivatives/fsl/sub-10429/L1_task-sharedreward_model-1_type-act_run-1_sm-5.feat/design.fsf": no such file or directory
    while executing
"source ${featdir}/design.fsf"
    (procedure "feat5:getconname" line 2)
    invoked from within
"feat5:getconname $ff_one $nci "
    invoked from within
"if { $done_something == 0 } {

    if { ! $fmri(inmelodic) } {
       if { $fmri(level) == 1 } {
	      for { set session 1 } { $session <= $fmri(mult..."
    (file "/usr/local/fsl/bin/feat" line 390)
/ZPOOL/data/projects/rf1-sra-sharedreward/code/L2stats.sh: line 51: /ZPOOL/data/projects/rf1-sra-sharedreward/logs/rerunL2_date-2023-10-10T1609.log: No such file or directory
To view the FEAT progress and final report, point your web browser at /ZPOOL/data/projects/rf1-sra-sharedreward/derivatives/fsl/sub-10462/L2_task-sharedreward_model-1_type-act_sm-5.gfeat/report_log.html
child process exited abnormally
    while executing
"fsl:exec "${FSLDIR}/bin/feat ${fsfroot}.fsf -D $FD -gfeatprep" -b 60 -N feat2_pre -l logs "
    invoked from within
"if { $done_something == 0 } {

    if { ! $fmri(inmelodic) } {
       if { $fmri(level) == 1 } {
	      for { set session 1 } { $session <= $fmri(mult..."
    (file "/usr/local/fsl/bin/feat" line 390)
/ZPOOL/data/projects/rf1-sra-sharedreward/code/L2stats.sh: line 51: /ZPOOL/data/projects/rf1-sra-sharedreward/logs/rerunL2_date-2023-10-10T1609.log: No such file or directory
To view the FEAT progress and final report, point your web browser at /ZPOOL/data/projects/rf1-sra-sharedreward/derivatives/fsl/sub-10478/L2_task-sharedreward_model-1_type-act_sm-5.gfeat/report_log.html
child process exited abnormally
    while executing
"fsl:exec "${FSLDIR}/bin/feat ${fsfroot}.fsf -D $FD -gfeatprep" -b 60 -N feat2_pre -l logs "
    invoked from within
"if { $done_something == 0 } {

    if { ! $fmri(inmelodic) } {
       if { $fmri(level) == 1 } {
	      for { set session 1 } { $session <= $fmri(mult..."
    (file "/usr/local/fsl/bin/feat" line 390)
skipping existing output
skipping existing output
skipping existing output
/ZPOOL/data/projects/rf1-sra-sharedreward/code/L2stats.sh: line 51: /ZPOOL/data/projects/rf1-sra-sharedreward/logs/rerunL2_date-2023-10-10T1609.log: No such file or directory
To view the FEAT progress and final report, point your web browser at /ZPOOL/data/projects/rf1-sra-sharedreward/derivatives/fsl/sub-10555/L2_task-sharedreward_model-1_type-act_sm-5.gfeat/report_log.html
couldn't read file "/ZPOOL/data/projects/rf1-sra-sharedreward/derivatives/fsl/sub-10555/L1_task-sharedreward_model-1_type-act_run-1_sm-5.feat/design.fsf": no such file or directory
    while executing
"source ${featdir}/design.fsf"
    (procedure "feat5:getconname" line 2)
    invoked from within
"feat5:getconname $ff_one $nci "
    invoked from within
"if { $done_something == 0 } {

    if { ! $fmri(inmelodic) } {
       if { $fmri(level) == 1 } {
	      for { set session 1 } { $session <= $fmri(mult..."
    (file "/usr/local/fsl/bin/feat" line 390)
skipping existing output
skipping existing output
/ZPOOL/data/projects/rf1-sra-sharedreward/code/L2stats.sh: line 51: /ZPOOL/data/projects/rf1-sra-sharedreward/logs/rerunL2_date-2023-10-10T1609.log: No such file or directory
To view the FEAT progress and final report, point your web browser at /ZPOOL/data/projects/rf1-sra-sharedreward/derivatives/fsl/sub-10584/L2_task-sharedreward_model-1_type-act_sm-5.gfeat/report_log.html
child process exited abnormally
    while executing
"fsl:exec "${FSLDIR}/bin/feat ${fsfroot}.fsf -D $FD -gfeatprep" -b 60 -N feat2_pre -l logs "
    invoked from within
"if { $done_something == 0 } {

    if { ! $fmri(inmelodic) } {
       if { $fmri(level) == 1 } {
	      for { set session 1 } { $session <= $fmri(mult..."
    (file "/usr/local/fsl/bin/feat" line 390)
skipping existing output
skipping existing output
skipping existing output
skipping existing output
/ZPOOL/data/projects/rf1-sra-sharedreward/code/L2stats.sh: line 51: /ZPOOL/data/projects/rf1-sra-sharedreward/logs/rerunL2_date-2023-10-10T1609.log: No such file or directory
To view the FEAT progress and final report, point your web browser at /ZPOOL/data/projects/rf1-sra-sharedreward/derivatives/fsl/sub-10603/L2_task-sharedreward_model-1_type-act_sm-5.gfeat/report_log.html
skipping existing output
child process exited abnormally
    while executing
"fsl:exec "${FSLDIR}/bin/feat ${fsfroot}.fsf -D $FD -gfeatprep" -b 60 -N feat2_pre -l logs "
    invoked from within
"if { $done_something == 0 } {

    if { ! $fmri(inmelodic) } {
       if { $fmri(level) == 1 } {
	      for { set session 1 } { $session <= $fmri(mult..."
    (file "/usr/local/fsl/bin/feat" line 390)
skipping existing output
/ZPOOL/data/projects/rf1-sra-sharedreward/code/L2stats.sh: line 51: /ZPOOL/data/projects/rf1-sra-sharedreward/logs/rerunL2_date-2023-10-10T1609.log: No such file or directory
To view the FEAT progress and final report, point your web browser at /ZPOOL/data/projects/rf1-sra-sharedreward/derivatives/fsl/sub-10617/L2_task-sharedreward_model-1_type-act_sm-5.gfeat/report_log.html
child process exited abnormally
    while executing
"fsl:exec "${FSLDIR}/bin/feat ${fsfroot}.fsf -D $FD -gfeatprep" -b 60 -N feat2_pre -l logs "
    invoked from within
"if { $done_something == 0 } {

    if { ! $fmri(inmelodic) } {
       if { $fmri(level) == 1 } {
	      for { set session 1 } { $session <= $fmri(mult..."
    (file "/usr/local/fsl/bin/feat" line 390)
skipping existing output
skipping existing output
/ZPOOL/data/projects/rf1-sra-sharedreward/code/L2stats.sh: line 51: /ZPOOL/data/projects/rf1-sra-sharedreward/logs/rerunL2_date-2023-10-10T1609.log: No such file or directory
To view the FEAT progress and final report, point your web browser at /ZPOOL/data/projects/rf1-sra-sharedreward/derivatives/fsl/sub-10641/L2_task-sharedreward_model-1_type-act_sm-5.gfeat/report_log.html
child process exited abnormally
    while executing
"fsl:exec "${FSLDIR}/bin/feat ${fsfroot}.fsf -D $FD -gfeatprep" -b 60 -N feat2_pre -l logs "
    invoked from within
"if { $done_something == 0 } {

    if { ! $fmri(inmelodic) } {
       if { $fmri(level) == 1 } {
	      for { set session 1 } { $session <= $fmri(mult..."
    (file "/usr/local/fsl/bin/feat" line 390)
skipping existing output
skipping existing output
skipping existing output
skipping existing output
skipping existing output
skipping existing output
skipping existing output
skipping existing output
skipping existing output
skipping existing output
skipping existing output
skipping existing output
skipping existing output
/ZPOOL/data/projects/rf1-sra-sharedreward/code/L2stats.sh: line 51: /ZPOOL/data/projects/rf1-sra-sharedreward/logs/rerunL2_date-2023-10-10T1609.log: No such file or directory
To view the FEAT progress and final report, point your web browser at /ZPOOL/data/projects/rf1-sra-sharedreward/derivatives/fsl/sub-10690/L2_task-sharedreward_model-1_type-act_sm-5.gfeat/report_log.html
skipping existing output
skipping existing output
skipping existing output
child process exited abnormally
    while executing
"fsl:exec "${FSLDIR}/bin/feat ${fsfroot}.fsf -D $FD -gfeatprep" -b 60 -N feat2_pre -l logs "
    invoked from within
"if { $done_something == 0 } {

    if { ! $fmri(inmelodic) } {
       if { $fmri(level) == 1 } {
	      for { set session 1 } { $session <= $fmri(mult..."
    (file "/usr/local/fsl/bin/feat" line 390)
skipping existing output
skipping existing output
skipping existing output
/ZPOOL/data/projects/rf1-sra-sharedreward/code/L2stats.sh: line 51: /ZPOOL/data/projects/rf1-sra-sharedreward/logs/rerunL2_date-2023-10-10T1609.log: No such file or directory
To view the FEAT progress and final report, point your web browser at /ZPOOL/data/projects/rf1-sra-sharedreward/derivatives/fsl/sub-10741/L2_task-sharedreward_model-1_type-act_sm-5.gfeat/report_log.html
/ZPOOL/data/projects/rf1-sra-sharedreward/code/L2stats.sh: line 51: /ZPOOL/data/projects/rf1-sra-sharedreward/logs/rerunL2_date-2023-10-10T1609.log: No such file or directory
To view the FEAT progress and final report, point your web browser at /ZPOOL/data/projects/rf1-sra-sharedreward/derivatives/fsl/sub-10774/L2_task-sharedreward_model-1_type-act_sm-5.gfeat/report_log.html
/ZPOOL/data/projects/rf1-sra-sharedreward/code/L2stats.sh: line 51: /ZPOOL/data/projects/rf1-sra-sharedreward/logs/rerunL2_date-2023-10-10T1609.log: No such file or directory
To view the FEAT progress and final report, point your web browser at /ZPOOL/data/projects/rf1-sra-sharedreward/derivatives/fsl/sub-10777/L2_task-sharedreward_model-1_type-act_sm-5.gfeat/report_log.html
/ZPOOL/data/projects/rf1-sra-sharedreward/code/L2stats.sh: line 51: /ZPOOL/data/projects/rf1-sra-sharedreward/logs/rerunL2_date-2023-10-10T1609.log: No such file or directory
To view the FEAT progress and final report, point your web browser at /ZPOOL/data/projects/rf1-sra-sharedreward/derivatives/fsl/sub-10781/L2_task-sharedreward_model-1_type-act_sm-5.gfeat/report_log.html
/ZPOOL/data/projects/rf1-sra-sharedreward/code/L2stats.sh: line 51: /ZPOOL/data/projects/rf1-sra-sharedreward/logs/rerunL2_date-2023-10-10T1609.log: No such file or directory
To view the FEAT progress and final report, point your web browser at /ZPOOL/data/projects/rf1-sra-sharedreward/derivatives/fsl/sub-10783/L2_task-sharedreward_model-1_type-act_sm-5.gfeat/report_log.html
/ZPOOL/data/projects/rf1-sra-sharedreward/code/L2stats.sh: line 51: /ZPOOL/data/projects/rf1-sra-sharedreward/logs/rerunL2_date-2023-10-10T1609.log: No such file or directory
To view the FEAT progress and final report, point your web browser at /ZPOOL/data/projects/rf1-sra-sharedreward/derivatives/fsl/sub-10800/L2_task-sharedreward_model-1_type-act_sm-5.gfeat/report_log.html
/ZPOOL/data/projects/rf1-sra-sharedreward/code/L2stats.sh: line 51: /ZPOOL/data/projects/rf1-sra-sharedreward/logs/rerunL2_date-2023-10-10T1609.log: No such file or directory
To view the FEAT progress and final report, point your web browser at /ZPOOL/data/projects/rf1-sra-sharedreward/derivatives/fsl/sub-10804/L2_task-sharedreward_model-1_type-act_sm-5.gfeat/report_log.html
