complete 10317 1 seed-rvol0003
complete 10317 2 seed-rvol0003
complete 10317 1 seed-rvol0000
complete 10317 2 seed-rvol0000
complete 10317 1 seed-rvol0001
complete 10317 2 seed-rvol0001
complete 10317 1 seed-rvol0002
complete 10317 2 seed-rvol0002
complete 10317 1 seed-rvol0004
complete 10317 2 seed-rvol0004
complete 10317 1 seed-rvol0005
complete 10317 2 seed-rvol0005
complete 10317 1 seed-rvol0006
complete 10317 2 seed-rvol0006
complete 10317 1 seed-rvol0007
complete 10317 2 seed-rvol0007
complete 10317 1 seed-rvol0008
complete 10317 2 seed-rvol0008
complete 10317 1 seed-rvol0009
complete 10317 2 seed-rvol0009
