complete 1 C_pun type-act
complete 2 C_rew type-act
To view the FEAT progress and final report, point your web browser at /ZPOOL/data/projects/rf1-sra-sharedreward/derivatives/fsl/L3_task-sharedreward_model-13_type-nppi-dmn_n93/L3_task-sharedreward_type-act_cnum-01_cname-C_pun_onegroup.gfeat/report_log.html
complete 3 F_pun type-act
To view the FEAT progress and final report, point your web browser at /ZPOOL/data/projects/rf1-sra-sharedreward/derivatives/fsl/L3_task-sharedreward_model-13_type-nppi-dmn_n93/L3_task-sharedreward_type-act_cnum-02_cname-C_rew_onegroup.gfeat/report_log.html
complete 4 F_rew type-act
To view the FEAT progress and final report, point your web browser at /ZPOOL/data/projects/rf1-sra-sharedreward/derivatives/fsl/L3_task-sharedreward_model-13_type-nppi-dmn_n93/L3_task-sharedreward_type-act_cnum-03_cname-F_pun_onegroup.gfeat/report_log.html
complete 5 S_pun type-act
To view the FEAT progress and final report, point your web browser at /ZPOOL/data/projects/rf1-sra-sharedreward/derivatives/fsl/L3_task-sharedreward_model-13_type-nppi-dmn_n93/L3_task-sharedreward_type-act_cnum-04_cname-F_rew_onegroup.gfeat/report_log.html
complete 6 S_rew type-act
To view the FEAT progress and final report, point your web browser at /ZPOOL/data/projects/rf1-sra-sharedreward/derivatives/fsl/L3_task-sharedreward_model-13_type-nppi-dmn_n93/L3_task-sharedreward_type-act_cnum-05_cname-S_pun_onegroup.gfeat/report_log.html
complete 7 C_neu type-act
To view the FEAT progress and final report, point your web browser at /ZPOOL/data/projects/rf1-sra-sharedreward/derivatives/fsl/L3_task-sharedreward_model-13_type-nppi-dmn_n93/L3_task-sharedreward_type-act_cnum-06_cname-S_rew_onegroup.gfeat/report_log.html
complete 8 F_neu type-act
To view the FEAT progress and final report, point your web browser at /ZPOOL/data/projects/rf1-sra-sharedreward/derivatives/fsl/L3_task-sharedreward_model-13_type-nppi-dmn_n93/L3_task-sharedreward_type-act_cnum-07_cname-C_neu_onegroup.gfeat/report_log.html
complete 9 S_neu type-act
To view the FEAT progress and final report, point your web browser at /ZPOOL/data/projects/rf1-sra-sharedreward/derivatives/fsl/L3_task-sharedreward_model-13_type-nppi-dmn_n93/L3_task-sharedreward_type-act_cnum-08_cname-F_neu_onegroup.gfeat/report_log.html
complete 10 rew-pun type-act
To view the FEAT progress and final report, point your web browser at /ZPOOL/data/projects/rf1-sra-sharedreward/derivatives/fsl/L3_task-sharedreward_model-13_type-nppi-dmn_n93/L3_task-sharedreward_type-act_cnum-09_cname-S_neu_onegroup.gfeat/report_log.html
complete 11 F-S type-act
To view the FEAT progress and final report, point your web browser at /ZPOOL/data/projects/rf1-sra-sharedreward/derivatives/fsl/L3_task-sharedreward_model-13_type-nppi-dmn_n93/L3_task-sharedreward_type-act_cnum-10_cname-rew-pun_onegroup.gfeat/report_log.html
complete 12 F-C type-act
To view the FEAT progress and final report, point your web browser at /ZPOOL/data/projects/rf1-sra-sharedreward/derivatives/fsl/L3_task-sharedreward_model-13_type-nppi-dmn_n93/L3_task-sharedreward_type-act_cnum-11_cname-F-S_onegroup.gfeat/report_log.html
To view the FEAT progress and final report, point your web browser at /ZPOOL/data/projects/rf1-sra-sharedreward/derivatives/fsl/L3_task-sharedreward_model-13_type-nppi-dmn_n93/L3_task-sharedreward_type-act_cnum-12_cname-F-C_onegroup.gfeat/report_log.html
complete 13 FS-C type-act
complete 14 rew-pun_F-S type-act
To view the FEAT progress and final report, point your web browser at /ZPOOL/data/projects/rf1-sra-sharedreward/derivatives/fsl/L3_task-sharedreward_model-13_type-nppi-dmn_n93/L3_task-sharedreward_type-act_cnum-13_cname-FS-C_onegroup.gfeat/report_log.html
complete 15 rew-pun_S-C type-act
To view the FEAT progress and final report, point your web browser at /ZPOOL/data/projects/rf1-sra-sharedreward/derivatives/fsl/L3_task-sharedreward_model-13_type-nppi-dmn_n93/L3_task-sharedreward_type-act_cnum-14_cname-rew-pun_F-S_onegroup.gfeat/report_log.html
complete 16 rew-pun_F-C type-act
To view the FEAT progress and final report, point your web browser at /ZPOOL/data/projects/rf1-sra-sharedreward/derivatives/fsl/L3_task-sharedreward_model-13_type-nppi-dmn_n93/L3_task-sharedreward_type-act_cnum-15_cname-rew-pun_S-C_onegroup.gfeat/report_log.html
complete 17 rew_F-S type-act
To view the FEAT progress and final report, point your web browser at /ZPOOL/data/projects/rf1-sra-sharedreward/derivatives/fsl/L3_task-sharedreward_model-13_type-nppi-dmn_n93/L3_task-sharedreward_type-act_cnum-16_cname-rew-pun_F-C_onegroup.gfeat/report_log.html
complete 18 rew_S-C type-act
To view the FEAT progress and final report, point your web browser at /ZPOOL/data/projects/rf1-sra-sharedreward/derivatives/fsl/L3_task-sharedreward_model-13_type-nppi-dmn_n93/L3_task-sharedreward_type-act_cnum-17_cname-rew_F-S_onegroup.gfeat/report_log.html
complete 19 rew_F-C type-act
To view the FEAT progress and final report, point your web browser at /ZPOOL/data/projects/rf1-sra-sharedreward/derivatives/fsl/L3_task-sharedreward_model-13_type-nppi-dmn_n93/L3_task-sharedreward_type-act_cnum-18_cname-rew_S-C_onegroup.gfeat/report_log.html
complete 20 rew-neu_F-S type-act
To view the FEAT progress and final report, point your web browser at /ZPOOL/data/projects/rf1-sra-sharedreward/derivatives/fsl/L3_task-sharedreward_model-13_type-nppi-dmn_n93/L3_task-sharedreward_type-act_cnum-19_cname-rew_F-C_onegroup.gfeat/report_log.html
complete 21 rew-neu_S-C type-act
To view the FEAT progress and final report, point your web browser at /ZPOOL/data/projects/rf1-sra-sharedreward/derivatives/fsl/L3_task-sharedreward_model-13_type-nppi-dmn_n93/L3_task-sharedreward_type-act_cnum-20_cname-rew-neu_F-S_onegroup.gfeat/report_log.html
complete 22 reu-neu_F-C type-act
To view the FEAT progress and final report, point your web browser at /ZPOOL/data/projects/rf1-sra-sharedreward/derivatives/fsl/L3_task-sharedreward_model-13_type-nppi-dmn_n93/L3_task-sharedreward_type-act_cnum-21_cname-rew-neu_S-C_onegroup.gfeat/report_log.html
complete 23 F-SC type-act
To view the FEAT progress and final report, point your web browser at /ZPOOL/data/projects/rf1-sra-sharedreward/derivatives/fsl/L3_task-sharedreward_model-13_type-nppi-dmn_n93/L3_task-sharedreward_type-act_cnum-22_cname-reu-neu_F-C_onegroup.gfeat/report_log.html
complete 24 rew_F-SC type-act
To view the FEAT progress and final report, point your web browser at /ZPOOL/data/projects/rf1-sra-sharedreward/derivatives/fsl/L3_task-sharedreward_model-13_type-nppi-dmn_n93/L3_task-sharedreward_type-act_cnum-23_cname-F-SC_onegroup.gfeat/report_log.html
To view the FEAT progress and final report, point your web browser at /ZPOOL/data/projects/rf1-sra-sharedreward/derivatives/fsl/L3_task-sharedreward_model-13_type-nppi-dmn_n93/L3_task-sharedreward_type-act_cnum-24_cname-rew_F-SC_onegroup.gfeat/report_log.html
complete 25 pun_F-SC type-act
complete 26 rew_pun_F-SC type-act
To view the FEAT progress and final report, point your web browser at /ZPOOL/data/projects/rf1-sra-sharedreward/derivatives/fsl/L3_task-sharedreward_model-13_type-nppi-dmn_n93/L3_task-sharedreward_type-act_cnum-25_cname-pun_F-SC_onegroup.gfeat/report_log.html
complete 27 F_dec type-act
To view the FEAT progress and final report, point your web browser at /ZPOOL/data/projects/rf1-sra-sharedreward/derivatives/fsl/L3_task-sharedreward_model-13_type-nppi-dmn_n93/L3_task-sharedreward_type-act_cnum-26_cname-rew_pun_F-SC_onegroup.gfeat/report_log.html
complete 28 S_dec type-act
To view the FEAT progress and final report, point your web browser at /ZPOOL/data/projects/rf1-sra-sharedreward/derivatives/fsl/L3_task-sharedreward_model-13_type-nppi-dmn_n93/L3_task-sharedreward_type-act_cnum-27_cname-F_dec_onegroup.gfeat/report_log.html
complete 29 C_dec type-act
To view the FEAT progress and final report, point your web browser at /ZPOOL/data/projects/rf1-sra-sharedreward/derivatives/fsl/L3_task-sharedreward_model-13_type-nppi-dmn_n93/L3_task-sharedreward_type-act_cnum-28_cname-S_dec_onegroup.gfeat/report_log.html
complete 30 Face-NonFace type-act
To view the FEAT progress and final report, point your web browser at /ZPOOL/data/projects/rf1-sra-sharedreward/derivatives/fsl/L3_task-sharedreward_model-13_type-nppi-dmn_n93/L3_task-sharedreward_type-act_cnum-29_cname-C_dec_onegroup.gfeat/report_log.html
complete 31 pun_F-S type-act
To view the FEAT progress and final report, point your web browser at /ZPOOL/data/projects/rf1-sra-sharedreward/derivatives/fsl/L3_task-sharedreward_model-13_type-nppi-dmn_n93/L3_task-sharedreward_type-act_cnum-30_cname-Face-NonFace_onegroup.gfeat/report_log.html
complete 32 pun_F-C type-act
To view the FEAT progress and final report, point your web browser at /ZPOOL/data/projects/rf1-sra-sharedreward/derivatives/fsl/L3_task-sharedreward_model-13_type-nppi-dmn_n93/L3_task-sharedreward_type-act_cnum-31_cname-pun_F-S_onegroup.gfeat/report_log.html
complete 33 dec_F-S type-act
To view the FEAT progress and final report, point your web browser at /ZPOOL/data/projects/rf1-sra-sharedreward/derivatives/fsl/L3_task-sharedreward_model-13_type-nppi-dmn_n93/L3_task-sharedreward_type-act_cnum-32_cname-pun_F-C_onegroup.gfeat/report_log.html
complete 34 dec_F-C type-act
To view the FEAT progress and final report, point your web browser at /ZPOOL/data/projects/rf1-sra-sharedreward/derivatives/fsl/L3_task-sharedreward_model-13_type-nppi-dmn_n93/L3_task-sharedreward_type-act_cnum-33_cname-dec_F-S_onegroup.gfeat/report_log.html
complete 35 mainnet type-act
To view the FEAT progress and final report, point your web browser at /ZPOOL/data/projects/rf1-sra-sharedreward/derivatives/fsl/L3_task-sharedreward_model-13_type-nppi-dmn_n93/L3_task-sharedreward_type-act_cnum-34_cname-dec_F-C_onegroup.gfeat/report_log.html
To view the FEAT progress and final report, point your web browser at /ZPOOL/data/projects/rf1-sra-sharedreward/derivatives/fsl/L3_task-sharedreward_model-13_type-nppi-dmn_n93/L3_task-sharedreward_type-act_cnum-35_cname-mainnet_onegroup.gfeat/report_log.html
child process exited abnormally
    while executing
"fsl:exec "${FSLDIR}/bin/feat ${fsfroot}.fsf -D $FD -gfeatprep" -b 60 -N feat2_pre -l logs "
    invoked from within
"if { $done_something == 0 } {

    if { ! $fmri(inmelodic) } {
       if { $fmri(level) == 1 } {
	      for { set session 1 } { $session <= $fmri(mult..."
    (file "/usr/local/fsl/bin/feat" line 390)
