complete 1 C_pun type-act
complete 2 C_rew type-act
To view the FEAT progress and final report, point your web browser at /ZPOOL/data/projects/rf1-sra-sharedreward/derivatives/fsl/L3_task-sharedreward_model-14_type-act_n93/L3_task-sharedreward_type-act_cnum-01_cname-C_pun_onegroup.gfeat/report_log.html
complete 3 F_pun type-act
To view the FEAT progress and final report, point your web browser at /ZPOOL/data/projects/rf1-sra-sharedreward/derivatives/fsl/L3_task-sharedreward_model-14_type-act_n93/L3_task-sharedreward_type-act_cnum-02_cname-C_rew_onegroup.gfeat/report_log.html
complete 4 F_rew type-act
To view the FEAT progress and final report, point your web browser at /ZPOOL/data/projects/rf1-sra-sharedreward/derivatives/fsl/L3_task-sharedreward_model-14_type-act_n93/L3_task-sharedreward_type-act_cnum-03_cname-F_pun_onegroup.gfeat/report_log.html
complete 5 S_pun type-act
To view the FEAT progress and final report, point your web browser at /ZPOOL/data/projects/rf1-sra-sharedreward/derivatives/fsl/L3_task-sharedreward_model-14_type-act_n93/L3_task-sharedreward_type-act_cnum-04_cname-F_rew_onegroup.gfeat/report_log.html
To view the FEAT progress and final report, point your web browser at /ZPOOL/data/projects/rf1-sra-sharedreward/derivatives/fsl/L3_task-sharedreward_model-14_type-act_n93/L3_task-sharedreward_type-act_cnum-05_cname-S_pun_onegroup.gfeat/report_log.html
Terminated
Terminated
Terminated
Terminated
Terminated
complete 6 S_rew type-act
complete 7 C_neu type-act
To view the FEAT progress and final report, point your web browser at /ZPOOL/data/projects/rf1-sra-sharedreward/derivatives/fsl/L3_task-sharedreward_model-14_type-act_n93/L3_task-sharedreward_type-act_cnum-06_cname-S_rew_onegroup.gfeat/report_log.html
complete 8 F_neu type-act
To view the FEAT progress and final report, point your web browser at /ZPOOL/data/projects/rf1-sra-sharedreward/derivatives/fsl/L3_task-sharedreward_model-14_type-act_n93/L3_task-sharedreward_type-act_cnum-07_cname-C_neu_onegroup.gfeat/report_log.html
complete 9 S_neu type-act
To view the FEAT progress and final report, point your web browser at /ZPOOL/data/projects/rf1-sra-sharedreward/derivatives/fsl/L3_task-sharedreward_model-14_type-act_n93/L3_task-sharedreward_type-act_cnum-08_cname-F_neu_onegroup.gfeat/report_log.html
complete 10 rew-pun type-act
To view the FEAT progress and final report, point your web browser at /ZPOOL/data/projects/rf1-sra-sharedreward/derivatives/fsl/L3_task-sharedreward_model-14_type-act_n93/L3_task-sharedreward_type-act_cnum-09_cname-S_neu_onegroup.gfeat/report_log.html
To view the FEAT progress and final report, point your web browser at /ZPOOL/data/projects/rf1-sra-sharedreward/derivatives/fsl/L3_task-sharedreward_model-14_type-act_n93/L3_task-sharedreward_type-act_cnum-10_cname-rew-pun_onegroup.gfeat/report_log.html
child process exited abnormally
    while executing
"fsl:exec "${FSLDIR}/bin/feat ${fsfroot}.fsf -D $FD -gfeatprep" -b 60 -N feat2_pre -l logs "
    invoked from within
"if { $done_something == 0 } {

    if { ! $fmri(inmelodic) } {
       if { $fmri(level) == 1 } {
	      for { set session 1 } { $session <= $fmri(mult..."
    (file "/usr/local/fsl/bin/feat" line 390)
child process exited abnormally
    while executing
"fsl:exec "${FSLDIR}/bin/feat ${fsfroot}.fsf -D $FD -gfeatprep" -b 60 -N feat2_pre -l logs "
    invoked from within
"if { $done_something == 0 } {

    if { ! $fmri(inmelodic) } {
       if { $fmri(level) == 1 } {
	      for { set session 1 } { $session <= $fmri(mult..."
    (file "/usr/local/fsl/bin/feat" line 390)
child process exited abnormally
    while executing
"fsl:exec "${FSLDIR}/bin/feat ${fsfroot}.fsf -D $FD -gfeatprep" -b 60 -N feat2_pre -l logs "
    invoked from within
"if { $done_something == 0 } {

    if { ! $fmri(inmelodic) } {
       if { $fmri(level) == 1 } {
	      for { set session 1 } { $session <= $fmri(mult..."
    (file "/usr/local/fsl/bin/feat" line 390)
child process exited abnormally
    while executing
"fsl:exec "${FSLDIR}/bin/feat ${fsfroot}.fsf -D $FD -gfeatprep" -b 60 -N feat2_pre -l logs "
    invoked from within
"if { $done_something == 0 } {

    if { ! $fmri(inmelodic) } {
       if { $fmri(level) == 1 } {
	      for { set session 1 } { $session <= $fmri(mult..."
    (file "/usr/local/fsl/bin/feat" line 390)
child process exited abnormally
    while executing
"fsl:exec "${FSLDIR}/bin/feat ${fsfroot}.fsf -D $FD -gfeatprep" -b 60 -N feat2_pre -l logs "
    invoked from within
"if { $done_something == 0 } {

    if { ! $fmri(inmelodic) } {
       if { $fmri(level) == 1 } {
	      for { set session 1 } { $session <= $fmri(mult..."
    (file "/usr/local/fsl/bin/feat" line 390)
