Creating '/ZPOOL/data/projects/rf1-sra-sharedreward/derivatives/fsl/EVfiles/sub-10875/sharedreward/run-1_computer_non-face.txt'
Creating '/ZPOOL/data/projects/rf1-sra-sharedreward/derivatives/fsl/EVfiles/sub-10875/sharedreward/run-1_event_computer_neutral.txt'
Creating '/ZPOOL/data/projects/rf1-sra-sharedreward/derivatives/fsl/EVfiles/sub-10875/sharedreward/run-1_event_computer_punish.txt'
Creating '/ZPOOL/data/projects/rf1-sra-sharedreward/derivatives/fsl/EVfiles/sub-10875/sharedreward/run-1_event_computer_reward.txt'
Creating '/ZPOOL/data/projects/rf1-sra-sharedreward/derivatives/fsl/EVfiles/sub-10875/sharedreward/run-1_event_friend_neutral.txt'
Creating '/ZPOOL/data/projects/rf1-sra-sharedreward/derivatives/fsl/EVfiles/sub-10875/sharedreward/run-1_event_friend_punish.txt'
Creating '/ZPOOL/data/projects/rf1-sra-sharedreward/derivatives/fsl/EVfiles/sub-10875/sharedreward/run-1_event_friend_reward.txt'
Creating '/ZPOOL/data/projects/rf1-sra-sharedreward/derivatives/fsl/EVfiles/sub-10875/sharedreward/run-1_event_stranger_neutral.txt'
Creating '/ZPOOL/data/projects/rf1-sra-sharedreward/derivatives/fsl/EVfiles/sub-10875/sharedreward/run-1_event_stranger_punish.txt'
Creating '/ZPOOL/data/projects/rf1-sra-sharedreward/derivatives/fsl/EVfiles/sub-10875/sharedreward/run-1_event_stranger_reward.txt'
Creating '/ZPOOL/data/projects/rf1-sra-sharedreward/derivatives/fsl/EVfiles/sub-10875/sharedreward/run-1_friend_face.txt'
Creating '/ZPOOL/data/projects/rf1-sra-sharedreward/derivatives/fsl/EVfiles/sub-10875/sharedreward/run-1_stranger_face.txt'
Creating '/ZPOOL/data/projects/rf1-sra-sharedreward/derivatives/fsl/EVfiles/sub-10875/sharedreward/run-2_computer_non-face.txt'
Creating '/ZPOOL/data/projects/rf1-sra-sharedreward/derivatives/fsl/EVfiles/sub-10875/sharedreward/run-2_event_computer_neutral.txt'
Creating '/ZPOOL/data/projects/rf1-sra-sharedreward/derivatives/fsl/EVfiles/sub-10875/sharedreward/run-2_event_computer_punish.txt'
Creating '/ZPOOL/data/projects/rf1-sra-sharedreward/derivatives/fsl/EVfiles/sub-10875/sharedreward/run-2_event_computer_reward.txt'
Creating '/ZPOOL/data/projects/rf1-sra-sharedreward/derivatives/fsl/EVfiles/sub-10875/sharedreward/run-2_event_friend_neutral.txt'
Creating '/ZPOOL/data/projects/rf1-sra-sharedreward/derivatives/fsl/EVfiles/sub-10875/sharedreward/run-2_event_friend_punish.txt'
Creating '/ZPOOL/data/projects/rf1-sra-sharedreward/derivatives/fsl/EVfiles/sub-10875/sharedreward/run-2_event_friend_reward.txt'
Creating '/ZPOOL/data/projects/rf1-sra-sharedreward/derivatives/fsl/EVfiles/sub-10875/sharedreward/run-2_event_stranger_neutral.txt'
Creating '/ZPOOL/data/projects/rf1-sra-sharedreward/derivatives/fsl/EVfiles/sub-10875/sharedreward/run-2_event_stranger_punish.txt'
Creating '/ZPOOL/data/projects/rf1-sra-sharedreward/derivatives/fsl/EVfiles/sub-10875/sharedreward/run-2_event_stranger_reward.txt'
Creating '/ZPOOL/data/projects/rf1-sra-sharedreward/derivatives/fsl/EVfiles/sub-10875/sharedreward/run-2_friend_face.txt'
Creating '/ZPOOL/data/projects/rf1-sra-sharedreward/derivatives/fsl/EVfiles/sub-10875/sharedreward/run-2_stranger_face.txt'
