complete 10317 1
complete 10317 2
complete 10402 1
complete 10402 2
complete 10418 1
complete 10418 2
complete 10462 1
complete 10462 2
complete 10478 1
complete 10478 2
complete 10486 1
complete 10486 2
complete 10529 1
complete 10529 2
child process exited abnormally
    while executing
"fsl:exec "${FSLDIR}/bin/feat_model design" $fmri(featModelOpts) -N feat0_model -l logs "
    (procedure "firstLevelMaster" line 43)
    invoked from within
"firstLevelMaster $session"
    invoked from within
"if { $done_something == 0 } {

    if { ! $fmri(inmelodic) } {
       if { $fmri(level) == 1 } {
	      for { set session 1 } { $session <= $fmri(mult..."
    (file "/usr/local/fsl/bin/feat" line 390)
complete 10541 1
complete 10541 2
complete 10559 1
complete 10559 2
complete 10572 1
complete 10572 2
complete 10581 1
complete 10581 2
complete 10584 1
complete 10584 2
complete 10585 1
complete 10585 2
complete 10589 1
complete 10589 2
complete 10590 1
complete 10590 2
complete 10596 1
complete 10596 2
complete 10603 1
complete 10603 2
complete 10606 1
complete 10606 2
complete 10608 1
complete 10608 2
complete 10617 1
rm: cannot remove '/ZPOOL/data/projects/rf1-sra-sharedreward/derivatives/fsl/sub-10617/L1_task-sharedreward_model-0_type-ppi_seed-eyeball_left_run-1_sm-6.feat/.files/images/fsl-bg.jpg': Permission denied
rm: cannot remove '/ZPOOL/data/projects/rf1-sra-sharedreward/derivatives/fsl/sub-10617/L1_task-sharedreward_model-0_type-ppi_seed-eyeball_left_run-1_sm-6.feat/.files/images/fsl-logo.jpg': Permission denied
rm: cannot remove '/ZPOOL/data/projects/rf1-sra-sharedreward/derivatives/fsl/sub-10617/L1_task-sharedreward_model-0_type-ppi_seed-eyeball_left_run-1_sm-6.feat/.files/images/fsl-logo.gif': Permission denied
rm: cannot remove '/ZPOOL/data/projects/rf1-sra-sharedreward/derivatives/fsl/sub-10617/L1_task-sharedreward_model-0_type-ppi_seed-eyeball_left_run-1_sm-6.feat/.files/images/fsl-logo-big.jpg': Permission denied
complete 10617 2
complete 10636 1
rm: cannot remove '/ZPOOL/data/projects/rf1-sra-sharedreward/derivatives/fsl/sub-10636/L1_task-sharedreward_model-0_type-ppi_seed-eyeball_left_run-1_sm-6.feat/.files/images/fsl-bg.jpg': Permission denied
rm: cannot remove '/ZPOOL/data/projects/rf1-sra-sharedreward/derivatives/fsl/sub-10636/L1_task-sharedreward_model-0_type-ppi_seed-eyeball_left_run-1_sm-6.feat/.files/images/fsl-logo-big.jpg': Permission denied
rm: cannot remove '/ZPOOL/data/projects/rf1-sra-sharedreward/derivatives/fsl/sub-10636/L1_task-sharedreward_model-0_type-ppi_seed-eyeball_left_run-1_sm-6.feat/.files/images/fsl-logo.gif': Permission denied
rm: cannot remove '/ZPOOL/data/projects/rf1-sra-sharedreward/derivatives/fsl/sub-10636/L1_task-sharedreward_model-0_type-ppi_seed-eyeball_left_run-1_sm-6.feat/.files/images/fsl-logo.jpg': Permission denied
complete 10636 2
rm: cannot remove '/ZPOOL/data/projects/rf1-sra-sharedreward/derivatives/fsl/sub-10636/L1_task-sharedreward_model-0_type-ppi_seed-eyeball_left_run-2_sm-6.feat/.files/images/fsl-logo.gif': Permission denied
rm: cannot remove '/ZPOOL/data/projects/rf1-sra-sharedreward/derivatives/fsl/sub-10636/L1_task-sharedreward_model-0_type-ppi_seed-eyeball_left_run-2_sm-6.feat/.files/images/fsl-bg.jpg': Permission denied
rm: cannot remove '/ZPOOL/data/projects/rf1-sra-sharedreward/derivatives/fsl/sub-10636/L1_task-sharedreward_model-0_type-ppi_seed-eyeball_left_run-2_sm-6.feat/.files/images/fsl-logo.jpg': Permission denied
rm: cannot remove '/ZPOOL/data/projects/rf1-sra-sharedreward/derivatives/fsl/sub-10636/L1_task-sharedreward_model-0_type-ppi_seed-eyeball_left_run-2_sm-6.feat/.files/images/fsl-logo-big.jpg': Permission denied
complete 10638 1
rm: cannot remove '/ZPOOL/data/projects/rf1-sra-sharedreward/derivatives/fsl/sub-10638/L1_task-sharedreward_model-0_type-ppi_seed-eyeball_left_run-1_sm-6.feat/.files/images/fsl-logo.jpg': Permission denied
rm: cannot remove '/ZPOOL/data/projects/rf1-sra-sharedreward/derivatives/fsl/sub-10638/L1_task-sharedreward_model-0_type-ppi_seed-eyeball_left_run-1_sm-6.feat/.files/images/fsl-logo.gif': Permission denied
rm: cannot remove '/ZPOOL/data/projects/rf1-sra-sharedreward/derivatives/fsl/sub-10638/L1_task-sharedreward_model-0_type-ppi_seed-eyeball_left_run-1_sm-6.feat/.files/images/fsl-bg.jpg': Permission denied
rm: cannot remove '/ZPOOL/data/projects/rf1-sra-sharedreward/derivatives/fsl/sub-10638/L1_task-sharedreward_model-0_type-ppi_seed-eyeball_left_run-1_sm-6.feat/.files/images/fsl-logo-big.jpg': Permission denied
complete 10638 2
rm: cannot remove '/ZPOOL/data/projects/rf1-sra-sharedreward/derivatives/fsl/sub-10638/L1_task-sharedreward_model-0_type-ppi_seed-eyeball_left_run-2_sm-6.feat/.files/images/fsl-logo.gif': Permission denied
rm: cannot remove '/ZPOOL/data/projects/rf1-sra-sharedreward/derivatives/fsl/sub-10638/L1_task-sharedreward_model-0_type-ppi_seed-eyeball_left_run-2_sm-6.feat/.files/images/fsl-bg.jpg': Permission denied
rm: cannot remove '/ZPOOL/data/projects/rf1-sra-sharedreward/derivatives/fsl/sub-10638/L1_task-sharedreward_model-0_type-ppi_seed-eyeball_left_run-2_sm-6.feat/.files/images/fsl-logo.jpg': Permission denied
rm: cannot remove '/ZPOOL/data/projects/rf1-sra-sharedreward/derivatives/fsl/sub-10638/L1_task-sharedreward_model-0_type-ppi_seed-eyeball_left_run-2_sm-6.feat/.files/images/fsl-logo-big.jpg': Permission denied
complete 10640 1
To view the FEAT progress and final report, point your web browser at /ZPOOL/data/projects/rf1-sra-sharedreward/derivatives/fsl/sub-10617/L1_task-sharedreward_model-0_type-ppi_seed-eyeball_left_run-1_sm-6+.feat/report_log.html
rm: cannot remove '/ZPOOL/data/projects/rf1-sra-sharedreward/derivatives/fsl/sub-10640/L1_task-sharedreward_model-0_type-ppi_seed-eyeball_left_run-1_sm-6.feat/.files/images/fsl-bg.jpg': Permission denied
rm: cannot remove '/ZPOOL/data/projects/rf1-sra-sharedreward/derivatives/fsl/sub-10640/L1_task-sharedreward_model-0_type-ppi_seed-eyeball_left_run-1_sm-6.feat/.files/images/fsl-logo-big.jpg': Permission denied
rm: cannot remove '/ZPOOL/data/projects/rf1-sra-sharedreward/derivatives/fsl/sub-10640/L1_task-sharedreward_model-0_type-ppi_seed-eyeball_left_run-1_sm-6.feat/.files/images/fsl-logo.gif': Permission denied
rm: cannot remove '/ZPOOL/data/projects/rf1-sra-sharedreward/derivatives/fsl/sub-10640/L1_task-sharedreward_model-0_type-ppi_seed-eyeball_left_run-1_sm-6.feat/.files/images/fsl-logo.jpg': Permission denied
complete 10640 2
rm: cannot remove '/ZPOOL/data/projects/rf1-sra-sharedreward/derivatives/fsl/sub-10640/L1_task-sharedreward_model-0_type-ppi_seed-eyeball_left_run-2_sm-6.feat/.files/images/fsl-logo.gif': Permission denied
rm: cannot remove '/ZPOOL/data/projects/rf1-sra-sharedreward/derivatives/fsl/sub-10640/L1_task-sharedreward_model-0_type-ppi_seed-eyeball_left_run-2_sm-6.feat/.files/images/fsl-logo.jpg': Permission denied
rm: cannot remove '/ZPOOL/data/projects/rf1-sra-sharedreward/derivatives/fsl/sub-10640/L1_task-sharedreward_model-0_type-ppi_seed-eyeball_left_run-2_sm-6.feat/.files/images/fsl-bg.jpg': Permission denied
rm: cannot remove '/ZPOOL/data/projects/rf1-sra-sharedreward/derivatives/fsl/sub-10640/L1_task-sharedreward_model-0_type-ppi_seed-eyeball_left_run-2_sm-6.feat/.files/images/fsl-logo-big.jpg': Permission denied
complete 10641 1
To view the FEAT progress and final report, point your web browser at /ZPOOL/data/projects/rf1-sra-sharedreward/derivatives/fsl/sub-10636/L1_task-sharedreward_model-0_type-ppi_seed-eyeball_left_run-1_sm-6+.feat/report_log.html
rm: cannot remove '/ZPOOL/data/projects/rf1-sra-sharedreward/derivatives/fsl/sub-10641/L1_task-sharedreward_model-0_type-ppi_seed-eyeball_left_run-1_sm-6.feat/.files/images/fsl-bg.jpg': Permission denied
rm: cannot remove '/ZPOOL/data/projects/rf1-sra-sharedreward/derivatives/fsl/sub-10641/L1_task-sharedreward_model-0_type-ppi_seed-eyeball_left_run-1_sm-6.feat/.files/images/fsl-logo-big.jpg': Permission denied
rm: cannot remove '/ZPOOL/data/projects/rf1-sra-sharedreward/derivatives/fsl/sub-10641/L1_task-sharedreward_model-0_type-ppi_seed-eyeball_left_run-1_sm-6.feat/.files/images/fsl-logo.jpg': Permission denied
rm: cannot remove '/ZPOOL/data/projects/rf1-sra-sharedreward/derivatives/fsl/sub-10641/L1_task-sharedreward_model-0_type-ppi_seed-eyeball_left_run-1_sm-6.feat/.files/images/fsl-logo.gif': Permission denied
complete 10641 2
To view the FEAT progress and final report, point your web browser at /ZPOOL/data/projects/rf1-sra-sharedreward/derivatives/fsl/sub-10636/L1_task-sharedreward_model-0_type-ppi_seed-eyeball_left_run-2_sm-6+.feat/report_log.html
complete 10642 1
rm: cannot remove '/ZPOOL/data/projects/rf1-sra-sharedreward/derivatives/fsl/sub-10642/L1_task-sharedreward_model-0_type-ppi_seed-eyeball_left_run-1_sm-6.feat/.files/images/fsl-logo.jpg': Permission denied
rm: cannot remove '/ZPOOL/data/projects/rf1-sra-sharedreward/derivatives/fsl/sub-10642/L1_task-sharedreward_model-0_type-ppi_seed-eyeball_left_run-1_sm-6.feat/.files/images/fsl-bg.jpg': Permission denied
rm: cannot remove '/ZPOOL/data/projects/rf1-sra-sharedreward/derivatives/fsl/sub-10642/L1_task-sharedreward_model-0_type-ppi_seed-eyeball_left_run-1_sm-6.feat/.files/images/fsl-logo.gif': Permission denied
rm: cannot remove '/ZPOOL/data/projects/rf1-sra-sharedreward/derivatives/fsl/sub-10642/L1_task-sharedreward_model-0_type-ppi_seed-eyeball_left_run-1_sm-6.feat/.files/images/fsl-logo-big.jpg': Permission denied
To view the FEAT progress and final report, point your web browser at /ZPOOL/data/projects/rf1-sra-sharedreward/derivatives/fsl/sub-10638/L1_task-sharedreward_model-0_type-ppi_seed-eyeball_left_run-1_sm-6+.feat/report_log.html
complete 10642 2
rm: cannot remove '/ZPOOL/data/projects/rf1-sra-sharedreward/derivatives/fsl/sub-10642/L1_task-sharedreward_model-0_type-ppi_seed-eyeball_left_run-2_sm-6.feat/.files/images/fsl-logo.jpg': Permission denied
rm: cannot remove '/ZPOOL/data/projects/rf1-sra-sharedreward/derivatives/fsl/sub-10642/L1_task-sharedreward_model-0_type-ppi_seed-eyeball_left_run-2_sm-6.feat/.files/images/fsl-logo.gif': Permission denied
rm: cannot remove '/ZPOOL/data/projects/rf1-sra-sharedreward/derivatives/fsl/sub-10642/L1_task-sharedreward_model-0_type-ppi_seed-eyeball_left_run-2_sm-6.feat/.files/images/fsl-bg.jpg': Permission denied
rm: cannot remove '/ZPOOL/data/projects/rf1-sra-sharedreward/derivatives/fsl/sub-10642/L1_task-sharedreward_model-0_type-ppi_seed-eyeball_left_run-2_sm-6.feat/.files/images/fsl-logo-big.jpg': Permission denied
To view the FEAT progress and final report, point your web browser at /ZPOOL/data/projects/rf1-sra-sharedreward/derivatives/fsl/sub-10638/L1_task-sharedreward_model-0_type-ppi_seed-eyeball_left_run-2_sm-6+.feat/report_log.html
To view the FEAT progress and final report, point your web browser at /ZPOOL/data/projects/rf1-sra-sharedreward/derivatives/fsl/sub-10640/L1_task-sharedreward_model-0_type-ppi_seed-eyeball_left_run-1_sm-6+.feat/report_log.html
To view the FEAT progress and final report, point your web browser at /ZPOOL/data/projects/rf1-sra-sharedreward/derivatives/fsl/sub-10641/L1_task-sharedreward_model-0_type-ppi_seed-eyeball_left_run-1_sm-6+.feat/report_log.html
To view the FEAT progress and final report, point your web browser at /ZPOOL/data/projects/rf1-sra-sharedreward/derivatives/fsl/sub-10640/L1_task-sharedreward_model-0_type-ppi_seed-eyeball_left_run-2_sm-6+.feat/report_log.html
To view the FEAT progress and final report, point your web browser at /ZPOOL/data/projects/rf1-sra-sharedreward/derivatives/fsl/sub-10642/L1_task-sharedreward_model-0_type-ppi_seed-eyeball_left_run-1_sm-6+.feat/report_log.html
To view the FEAT progress and final report, point your web browser at /ZPOOL/data/projects/rf1-sra-sharedreward/derivatives/fsl/sub-10642/L1_task-sharedreward_model-0_type-ppi_seed-eyeball_left_run-2_sm-6+.feat/report_log.html
complete 10644 1
complete 10644 2
complete 10647 1
To view the FEAT progress and final report, point your web browser at /ZPOOL/data/projects/rf1-sra-sharedreward/derivatives/fsl/sub-10644/L1_task-sharedreward_model-0_type-ppi_seed-eyeball_left_run-1_sm-6.feat/report_log.html
complete 10647 2
To view the FEAT progress and final report, point your web browser at /ZPOOL/data/projects/rf1-sra-sharedreward/derivatives/fsl/sub-10644/L1_task-sharedreward_model-0_type-ppi_seed-eyeball_left_run-2_sm-6.feat/report_log.html
To view the FEAT progress and final report, point your web browser at /ZPOOL/data/projects/rf1-sra-sharedreward/derivatives/fsl/sub-10647/L1_task-sharedreward_model-0_type-ppi_seed-eyeball_left_run-1_sm-6.feat/report_log.html
To view the FEAT progress and final report, point your web browser at /ZPOOL/data/projects/rf1-sra-sharedreward/derivatives/fsl/sub-10647/L1_task-sharedreward_model-0_type-ppi_seed-eyeball_left_run-2_sm-6.feat/report_log.html
complete 10649 1
complete 10649 2
To view the FEAT progress and final report, point your web browser at /ZPOOL/data/projects/rf1-sra-sharedreward/derivatives/fsl/sub-10649/L1_task-sharedreward_model-0_type-ppi_seed-eyeball_left_run-1_sm-6.feat/report_log.html
complete 10652 1
complete 10652 2
To view the FEAT progress and final report, point your web browser at /ZPOOL/data/projects/rf1-sra-sharedreward/derivatives/fsl/sub-10649/L1_task-sharedreward_model-0_type-ppi_seed-eyeball_left_run-2_sm-6.feat/report_log.html
complete 10656 1
To view the FEAT progress and final report, point your web browser at /ZPOOL/data/projects/rf1-sra-sharedreward/derivatives/fsl/sub-10652/L1_task-sharedreward_model-0_type-ppi_seed-eyeball_left_run-1_sm-6.feat/report_log.html
To view the FEAT progress and final report, point your web browser at /ZPOOL/data/projects/rf1-sra-sharedreward/derivatives/fsl/sub-10652/L1_task-sharedreward_model-0_type-ppi_seed-eyeball_left_run-2_sm-6.feat/report_log.html
complete 10656 2
To view the FEAT progress and final report, point your web browser at /ZPOOL/data/projects/rf1-sra-sharedreward/derivatives/fsl/sub-10656/L1_task-sharedreward_model-0_type-ppi_seed-eyeball_left_run-1_sm-6.feat/report_log.html
To view the FEAT progress and final report, point your web browser at /ZPOOL/data/projects/rf1-sra-sharedreward/derivatives/fsl/sub-10656/L1_task-sharedreward_model-0_type-ppi_seed-eyeball_left_run-2_sm-6.feat/report_log.html
