To view the FEAT progress and final report, point your web browser at /ZPOOL/data/projects/rf1-sra-sharedreward/derivatives/fsl/sub-10317/L2_task-sharedreward_model-1_type-act_sm-6.gfeat/report_log.html
To view the FEAT progress and final report, point your web browser at /ZPOOL/data/projects/rf1-sra-sharedreward/derivatives/fsl/sub-10369/L2_task-sharedreward_model-1_type-act_sm-6.gfeat/report_log.html
To view the FEAT progress and final report, point your web browser at /ZPOOL/data/projects/rf1-sra-sharedreward/derivatives/fsl/sub-10402/L2_task-sharedreward_model-1_type-act_sm-6.gfeat/report_log.html
To view the FEAT progress and final report, point your web browser at /ZPOOL/data/projects/rf1-sra-sharedreward/derivatives/fsl/sub-10418/L2_task-sharedreward_model-1_type-act_sm-6.gfeat/report_log.html
To view the FEAT progress and final report, point your web browser at /ZPOOL/data/projects/rf1-sra-sharedreward/derivatives/fsl/sub-10486/L2_task-sharedreward_model-1_type-act_sm-6.gfeat/report_log.html
To view the FEAT progress and final report, point your web browser at /ZPOOL/data/projects/rf1-sra-sharedreward/derivatives/fsl/sub-10529/L2_task-sharedreward_model-1_type-act_sm-6.gfeat/report_log.html
To view the FEAT progress and final report, point your web browser at /ZPOOL/data/projects/rf1-sra-sharedreward/derivatives/fsl/sub-10541/L2_task-sharedreward_model-1_type-act_sm-6.gfeat/report_log.html
To view the FEAT progress and final report, point your web browser at /ZPOOL/data/projects/rf1-sra-sharedreward/derivatives/fsl/sub-10555/L2_task-sharedreward_model-1_type-act_sm-6.gfeat/report_log.html
couldn't read file "/ZPOOL/data/projects/rf1-sra-sharedreward/derivatives/fsl/sub-10555/L1_task-sharedreward_model-1_type-act_run-1_sm-6.feat/design.fsf": no such file or directory
    while executing
"source ${featdir}/design.fsf"
    (procedure "feat5:getconname" line 2)
    invoked from within
"feat5:getconname $ff_one $nci "
    invoked from within
"if { $done_something == 0 } {

    if { ! $fmri(inmelodic) } {
       if { $fmri(level) == 1 } {
	      for { set session 1 } { $session <= $fmri(mult..."
    (file "/usr/local/fsl/bin/feat" line 390)
To view the FEAT progress and final report, point your web browser at /ZPOOL/data/projects/rf1-sra-sharedreward/derivatives/fsl/sub-10559/L2_task-sharedreward_model-1_type-act_sm-6.gfeat/report_log.html
To view the FEAT progress and final report, point your web browser at /ZPOOL/data/projects/rf1-sra-sharedreward/derivatives/fsl/sub-10572/L2_task-sharedreward_model-1_type-act_sm-6.gfeat/report_log.html
To view the FEAT progress and final report, point your web browser at /ZPOOL/data/projects/rf1-sra-sharedreward/derivatives/fsl/sub-10581/L2_task-sharedreward_model-1_type-act_sm-6.gfeat/report_log.html
To view the FEAT progress and final report, point your web browser at /ZPOOL/data/projects/rf1-sra-sharedreward/derivatives/fsl/sub-10585/L2_task-sharedreward_model-1_type-act_sm-6.gfeat/report_log.html
To view the FEAT progress and final report, point your web browser at /ZPOOL/data/projects/rf1-sra-sharedreward/derivatives/fsl/sub-10589/L2_task-sharedreward_model-1_type-act_sm-6.gfeat/report_log.html
To view the FEAT progress and final report, point your web browser at /ZPOOL/data/projects/rf1-sra-sharedreward/derivatives/fsl/sub-10590/L2_task-sharedreward_model-1_type-act_sm-6.gfeat/report_log.html
To view the FEAT progress and final report, point your web browser at /ZPOOL/data/projects/rf1-sra-sharedreward/derivatives/fsl/sub-10596/L2_task-sharedreward_model-1_type-act_sm-6.gfeat/report_log.html
To view the FEAT progress and final report, point your web browser at /ZPOOL/data/projects/rf1-sra-sharedreward/derivatives/fsl/sub-10606/L2_task-sharedreward_model-1_type-act_sm-6.gfeat/report_log.html
To view the FEAT progress and final report, point your web browser at /ZPOOL/data/projects/rf1-sra-sharedreward/derivatives/fsl/sub-10608/L2_task-sharedreward_model-1_type-act_sm-6.gfeat/report_log.html
To view the FEAT progress and final report, point your web browser at /ZPOOL/data/projects/rf1-sra-sharedreward/derivatives/fsl/sub-10636/L2_task-sharedreward_model-1_type-act_sm-6.gfeat/report_log.html
To view the FEAT progress and final report, point your web browser at /ZPOOL/data/projects/rf1-sra-sharedreward/derivatives/fsl/sub-10638/L2_task-sharedreward_model-1_type-act_sm-6.gfeat/report_log.html
To view the FEAT progress and final report, point your web browser at /ZPOOL/data/projects/rf1-sra-sharedreward/derivatives/fsl/sub-10640/L2_task-sharedreward_model-1_type-act_sm-6.gfeat/report_log.html
To view the FEAT progress and final report, point your web browser at /ZPOOL/data/projects/rf1-sra-sharedreward/derivatives/fsl/sub-10642/L2_task-sharedreward_model-1_type-act_sm-6.gfeat/report_log.html
To view the FEAT progress and final report, point your web browser at /ZPOOL/data/projects/rf1-sra-sharedreward/derivatives/fsl/sub-10644/L2_task-sharedreward_model-1_type-act_sm-6.gfeat/report_log.html
To view the FEAT progress and final report, point your web browser at /ZPOOL/data/projects/rf1-sra-sharedreward/derivatives/fsl/sub-10647/L2_task-sharedreward_model-1_type-act_sm-6.gfeat/report_log.html
To view the FEAT progress and final report, point your web browser at /ZPOOL/data/projects/rf1-sra-sharedreward/derivatives/fsl/sub-10649/L2_task-sharedreward_model-1_type-act_sm-6.gfeat/report_log.html
To view the FEAT progress and final report, point your web browser at /ZPOOL/data/projects/rf1-sra-sharedreward/derivatives/fsl/sub-10652/L2_task-sharedreward_model-1_type-act_sm-6.gfeat/report_log.html
To view the FEAT progress and final report, point your web browser at /ZPOOL/data/projects/rf1-sra-sharedreward/derivatives/fsl/sub-10656/L2_task-sharedreward_model-1_type-act_sm-6.gfeat/report_log.html
To view the FEAT progress and final report, point your web browser at /ZPOOL/data/projects/rf1-sra-sharedreward/derivatives/fsl/sub-10657/L2_task-sharedreward_model-1_type-act_sm-6.gfeat/report_log.html
To view the FEAT progress and final report, point your web browser at /ZPOOL/data/projects/rf1-sra-sharedreward/derivatives/fsl/sub-10659/L2_task-sharedreward_model-1_type-act_sm-6.gfeat/report_log.html
To view the FEAT progress and final report, point your web browser at /ZPOOL/data/projects/rf1-sra-sharedreward/derivatives/fsl/sub-10663/L2_task-sharedreward_model-1_type-act_sm-6.gfeat/report_log.html
To view the FEAT progress and final report, point your web browser at /ZPOOL/data/projects/rf1-sra-sharedreward/derivatives/fsl/sub-10673/L2_task-sharedreward_model-1_type-act_sm-6.gfeat/report_log.html
To view the FEAT progress and final report, point your web browser at /ZPOOL/data/projects/rf1-sra-sharedreward/derivatives/fsl/sub-10674/L2_task-sharedreward_model-1_type-act_sm-6.gfeat/report_log.html
To view the FEAT progress and final report, point your web browser at /ZPOOL/data/projects/rf1-sra-sharedreward/derivatives/fsl/sub-10677/L2_task-sharedreward_model-1_type-act_sm-6.gfeat/report_log.html
To view the FEAT progress and final report, point your web browser at /ZPOOL/data/projects/rf1-sra-sharedreward/derivatives/fsl/sub-10685/L2_task-sharedreward_model-1_type-act_sm-6.gfeat/report_log.html
To view the FEAT progress and final report, point your web browser at /ZPOOL/data/projects/rf1-sra-sharedreward/derivatives/fsl/sub-10690/L2_task-sharedreward_model-1_type-act_sm-6.gfeat/report_log.html
To view the FEAT progress and final report, point your web browser at /ZPOOL/data/projects/rf1-sra-sharedreward/derivatives/fsl/sub-10691/L2_task-sharedreward_model-1_type-act_sm-6.gfeat/report_log.html
To view the FEAT progress and final report, point your web browser at /ZPOOL/data/projects/rf1-sra-sharedreward/derivatives/fsl/sub-10700/L2_task-sharedreward_model-1_type-act_sm-6.gfeat/report_log.html
To view the FEAT progress and final report, point your web browser at /ZPOOL/data/projects/rf1-sra-sharedreward/derivatives/fsl/sub-10701/L2_task-sharedreward_model-1_type-act_sm-6.gfeat/report_log.html
To view the FEAT progress and final report, point your web browser at /ZPOOL/data/projects/rf1-sra-sharedreward/derivatives/fsl/sub-10713/L2_task-sharedreward_model-1_type-act_sm-6.gfeat/report_log.html
To view the FEAT progress and final report, point your web browser at /ZPOOL/data/projects/rf1-sra-sharedreward/derivatives/fsl/sub-10716/L2_task-sharedreward_model-1_type-act_sm-6.gfeat/report_log.html
To view the FEAT progress and final report, point your web browser at /ZPOOL/data/projects/rf1-sra-sharedreward/derivatives/fsl/sub-10718/L2_task-sharedreward_model-1_type-act_sm-6.gfeat/report_log.html
To view the FEAT progress and final report, point your web browser at /ZPOOL/data/projects/rf1-sra-sharedreward/derivatives/fsl/sub-10720/L2_task-sharedreward_model-1_type-act_sm-6.gfeat/report_log.html
To view the FEAT progress and final report, point your web browser at /ZPOOL/data/projects/rf1-sra-sharedreward/derivatives/fsl/sub-10723/L2_task-sharedreward_model-1_type-act_sm-6.gfeat/report_log.html
To view the FEAT progress and final report, point your web browser at /ZPOOL/data/projects/rf1-sra-sharedreward/derivatives/fsl/sub-10741/L2_task-sharedreward_model-1_type-act_sm-6.gfeat/report_log.html
To view the FEAT progress and final report, point your web browser at /ZPOOL/data/projects/rf1-sra-sharedreward/derivatives/fsl/sub-10748/L2_task-sharedreward_model-1_type-act_sm-6.gfeat/report_log.html
To view the FEAT progress and final report, point your web browser at /ZPOOL/data/projects/rf1-sra-sharedreward/derivatives/fsl/sub-10767/L2_task-sharedreward_model-1_type-act_sm-6.gfeat/report_log.html
To view the FEAT progress and final report, point your web browser at /ZPOOL/data/projects/rf1-sra-sharedreward/derivatives/fsl/sub-10770/L2_task-sharedreward_model-1_type-act_sm-6.gfeat/report_log.html
To view the FEAT progress and final report, point your web browser at /ZPOOL/data/projects/rf1-sra-sharedreward/derivatives/fsl/sub-10774/L2_task-sharedreward_model-1_type-act_sm-6.gfeat/report_log.html
To view the FEAT progress and final report, point your web browser at /ZPOOL/data/projects/rf1-sra-sharedreward/derivatives/fsl/sub-10777/L2_task-sharedreward_model-1_type-act_sm-6.gfeat/report_log.html
To view the FEAT progress and final report, point your web browser at /ZPOOL/data/projects/rf1-sra-sharedreward/derivatives/fsl/sub-10781/L2_task-sharedreward_model-1_type-act_sm-6.gfeat/report_log.html
To view the FEAT progress and final report, point your web browser at /ZPOOL/data/projects/rf1-sra-sharedreward/derivatives/fsl/sub-10783/L2_task-sharedreward_model-1_type-act_sm-6.gfeat/report_log.html
To view the FEAT progress and final report, point your web browser at /ZPOOL/data/projects/rf1-sra-sharedreward/derivatives/fsl/sub-10785/L2_task-sharedreward_model-1_type-act_sm-6.gfeat/report_log.html
To view the FEAT progress and final report, point your web browser at /ZPOOL/data/projects/rf1-sra-sharedreward/derivatives/fsl/sub-10794/L2_task-sharedreward_model-1_type-act_sm-6.gfeat/report_log.html
To view the FEAT progress and final report, point your web browser at /ZPOOL/data/projects/rf1-sra-sharedreward/derivatives/fsl/sub-10800/L2_task-sharedreward_model-1_type-act_sm-6.gfeat/report_log.html
To view the FEAT progress and final report, point your web browser at /ZPOOL/data/projects/rf1-sra-sharedreward/derivatives/fsl/sub-10801/L2_task-sharedreward_model-1_type-act_sm-6.gfeat/report_log.html
To view the FEAT progress and final report, point your web browser at /ZPOOL/data/projects/rf1-sra-sharedreward/derivatives/fsl/sub-10802/L2_task-sharedreward_model-1_type-act_sm-6.gfeat/report_log.html
To view the FEAT progress and final report, point your web browser at /ZPOOL/data/projects/rf1-sra-sharedreward/derivatives/fsl/sub-10804/L2_task-sharedreward_model-1_type-act_sm-6.gfeat/report_log.html
To view the FEAT progress and final report, point your web browser at /ZPOOL/data/projects/rf1-sra-sharedreward/derivatives/fsl/sub-10806/L2_task-sharedreward_model-1_type-act_sm-6.gfeat/report_log.html
To view the FEAT progress and final report, point your web browser at /ZPOOL/data/projects/rf1-sra-sharedreward/derivatives/fsl/sub-10807/L2_task-sharedreward_model-1_type-act_sm-6.gfeat/report_log.html
To view the FEAT progress and final report, point your web browser at /ZPOOL/data/projects/rf1-sra-sharedreward/derivatives/fsl/sub-10809/L2_task-sharedreward_model-1_type-act_sm-6.gfeat/report_log.html
To view the FEAT progress and final report, point your web browser at /ZPOOL/data/projects/rf1-sra-sharedreward/derivatives/fsl/sub-10810/L2_task-sharedreward_model-1_type-act_sm-6.gfeat/report_log.html
To view the FEAT progress and final report, point your web browser at /ZPOOL/data/projects/rf1-sra-sharedreward/derivatives/fsl/sub-10812/L2_task-sharedreward_model-1_type-act_sm-6.gfeat/report_log.html
child process exited abnormally
    while executing
"fsl:exec "${FSLDIR}/bin/feat ${fsfroot}.fsf -D $FD -gfeatprep" -b 60 -N feat2_pre -l logs "
    invoked from within
"if { $done_something == 0 } {

    if { ! $fmri(inmelodic) } {
       if { $fmri(level) == 1 } {
	      for { set session 1 } { $session <= $fmri(mult..."
    (file "/usr/local/fsl/bin/feat" line 390)
To view the FEAT progress and final report, point your web browser at /ZPOOL/data/projects/rf1-sra-sharedreward/derivatives/fsl/sub-10817/L2_task-sharedreward_model-1_type-act_sm-6.gfeat/report_log.html
To view the FEAT progress and final report, point your web browser at /ZPOOL/data/projects/rf1-sra-sharedreward/derivatives/fsl/sub-10827/L2_task-sharedreward_model-1_type-act_sm-6.gfeat/report_log.html
To view the FEAT progress and final report, point your web browser at /ZPOOL/data/projects/rf1-sra-sharedreward/derivatives/fsl/sub-10831/L2_task-sharedreward_model-1_type-act_sm-6.gfeat/report_log.html
couldn't read file "/ZPOOL/data/projects/rf1-sra-sharedreward/derivatives/fsl/sub-10831/L1_task-sharedreward_model-1_type-act_run-1_sm-6.feat/design.fsf": no such file or directory
    while executing
"source ${featdir}/design.fsf"
    (procedure "feat5:getconname" line 2)
    invoked from within
"feat5:getconname $ff_one $nci "
    invoked from within
"if { $done_something == 0 } {

    if { ! $fmri(inmelodic) } {
       if { $fmri(level) == 1 } {
	      for { set session 1 } { $session <= $fmri(mult..."
    (file "/usr/local/fsl/bin/feat" line 390)
To view the FEAT progress and final report, point your web browser at /ZPOOL/data/projects/rf1-sra-sharedreward/derivatives/fsl/sub-10834/L2_task-sharedreward_model-1_type-act_sm-6.gfeat/report_log.html
child process exited abnormally
    while executing
"fsl:exec "${FSLDIR}/bin/feat ${fsfroot}.fsf -D $FD -gfeatprep" -b 60 -N feat2_pre -l logs "
    invoked from within
"if { $done_something == 0 } {

    if { ! $fmri(inmelodic) } {
       if { $fmri(level) == 1 } {
	      for { set session 1 } { $session <= $fmri(mult..."
    (file "/usr/local/fsl/bin/feat" line 390)
To view the FEAT progress and final report, point your web browser at /ZPOOL/data/projects/rf1-sra-sharedreward/derivatives/fsl/sub-10838/L2_task-sharedreward_model-1_type-act_sm-6.gfeat/report_log.html
To view the FEAT progress and final report, point your web browser at /ZPOOL/data/projects/rf1-sra-sharedreward/derivatives/fsl/sub-10843/L2_task-sharedreward_model-1_type-act_sm-6.gfeat/report_log.html
To view the FEAT progress and final report, point your web browser at /ZPOOL/data/projects/rf1-sra-sharedreward/derivatives/fsl/sub-10850/L2_task-sharedreward_model-1_type-act_sm-6.gfeat/report_log.html
To view the FEAT progress and final report, point your web browser at /ZPOOL/data/projects/rf1-sra-sharedreward/derivatives/fsl/sub-10854/L2_task-sharedreward_model-1_type-act_sm-6.gfeat/report_log.html
To view the FEAT progress and final report, point your web browser at /ZPOOL/data/projects/rf1-sra-sharedreward/derivatives/fsl/sub-10857/L2_task-sharedreward_model-1_type-act_sm-6.gfeat/report_log.html
To view the FEAT progress and final report, point your web browser at /ZPOOL/data/projects/rf1-sra-sharedreward/derivatives/fsl/sub-10858/L2_task-sharedreward_model-1_type-act_sm-6.gfeat/report_log.html
couldn't read file "/ZPOOL/data/projects/rf1-sra-sharedreward/derivatives/fsl/sub-10858/L1_task-sharedreward_model-1_type-act_run-1_sm-6.feat/design.fsf": no such file or directory
    while executing
"source ${featdir}/design.fsf"
    (procedure "feat5:getconname" line 2)
    invoked from within
"feat5:getconname $ff_one $nci "
    invoked from within
"if { $done_something == 0 } {

    if { ! $fmri(inmelodic) } {
       if { $fmri(level) == 1 } {
	      for { set session 1 } { $session <= $fmri(mult..."
    (file "/usr/local/fsl/bin/feat" line 390)
To view the FEAT progress and final report, point your web browser at /ZPOOL/data/projects/rf1-sra-sharedreward/derivatives/fsl/sub-10860/L2_task-sharedreward_model-1_type-act_sm-6.gfeat/report_log.html
To view the FEAT progress and final report, point your web browser at /ZPOOL/data/projects/rf1-sra-sharedreward/derivatives/fsl/sub-10862/L2_task-sharedreward_model-1_type-act_sm-6.gfeat/report_log.html
To view the FEAT progress and final report, point your web browser at /ZPOOL/data/projects/rf1-sra-sharedreward/derivatives/fsl/sub-10863/L2_task-sharedreward_model-1_type-act_sm-6.gfeat/report_log.html
To view the FEAT progress and final report, point your web browser at /ZPOOL/data/projects/rf1-sra-sharedreward/derivatives/fsl/sub-10866/L2_task-sharedreward_model-1_type-act_sm-6.gfeat/report_log.html
To view the FEAT progress and final report, point your web browser at /ZPOOL/data/projects/rf1-sra-sharedreward/derivatives/fsl/sub-10875/L2_task-sharedreward_model-1_type-act_sm-6.gfeat/report_log.html
couldn't read file "/ZPOOL/data/projects/rf1-sra-sharedreward/derivatives/fsl/sub-10875/L1_task-sharedreward_model-1_type-act_run-1_sm-6.feat/design.fsf": no such file or directory
    while executing
"source ${featdir}/design.fsf"
    (procedure "feat5:getconname" line 2)
    invoked from within
"feat5:getconname $ff_one $nci "
    invoked from within
"if { $done_something == 0 } {

    if { ! $fmri(inmelodic) } {
       if { $fmri(level) == 1 } {
	      for { set session 1 } { $session <= $fmri(mult..."
    (file "/usr/local/fsl/bin/feat" line 390)
To view the FEAT progress and final report, point your web browser at /ZPOOL/data/projects/rf1-sra-sharedreward/derivatives/fsl/sub-10887/L2_task-sharedreward_model-1_type-act_sm-6.gfeat/report_log.html
couldn't read file "/ZPOOL/data/projects/rf1-sra-sharedreward/derivatives/fsl/sub-10887/L1_task-sharedreward_model-1_type-act_run-1_sm-6.feat/design.fsf": no such file or directory
    while executing
"source ${featdir}/design.fsf"
    (procedure "feat5:getconname" line 2)
    invoked from within
"feat5:getconname $ff_one $nci "
    invoked from within
"if { $done_something == 0 } {

    if { ! $fmri(inmelodic) } {
       if { $fmri(level) == 1 } {
	      for { set session 1 } { $session <= $fmri(mult..."
    (file "/usr/local/fsl/bin/feat" line 390)
To view the FEAT progress and final report, point your web browser at /ZPOOL/data/projects/rf1-sra-sharedreward/derivatives/fsl/sub-10940/L2_task-sharedreward_model-1_type-act_sm-6.gfeat/report_log.html
couldn't read file "/ZPOOL/data/projects/rf1-sra-sharedreward/derivatives/fsl/sub-10940/L1_task-sharedreward_model-1_type-act_run-1_sm-6.feat/design.fsf": no such file or directory
    while executing
"source ${featdir}/design.fsf"
    (procedure "feat5:getconname" line 2)
    invoked from within
"feat5:getconname $ff_one $nci "
    invoked from within
"if { $done_something == 0 } {

    if { ! $fmri(inmelodic) } {
       if { $fmri(level) == 1 } {
	      for { set session 1 } { $session <= $fmri(mult..."
    (file "/usr/local/fsl/bin/feat" line 390)
complete 10940
