child process exited abnormally
    while executing
"fsl:exec "${FSLDIR}/bin/feat_model design""
    invoked from within
"if { $done_something == 0 } {

    if { ! $fmri(inmelodic) } {
       if { $fmri(level) == 1 } {
	      for { set session 1 } { $session <= $fmri(mult..."
    (file "/usr/local/fsl/bin/feat" line 390)
complete 1 C_pun type-act
child process exited abnormally
    while executing
"fsl:exec "${FSLDIR}/bin/feat_model design""
    invoked from within
"if { $done_something == 0 } {

    if { ! $fmri(inmelodic) } {
       if { $fmri(level) == 1 } {
	      for { set session 1 } { $session <= $fmri(mult..."
    (file "/usr/local/fsl/bin/feat" line 390)
complete 2 C_rew type-act
child process exited abnormally
    while executing
"fsl:exec "${FSLDIR}/bin/feat_model design""
    invoked from within
"if { $done_something == 0 } {

    if { ! $fmri(inmelodic) } {
       if { $fmri(level) == 1 } {
	      for { set session 1 } { $session <= $fmri(mult..."
    (file "/usr/local/fsl/bin/feat" line 390)
complete 3 F_pun type-act
child process exited abnormally
    while executing
"fsl:exec "${FSLDIR}/bin/feat_model design""
    invoked from within
"if { $done_something == 0 } {

    if { ! $fmri(inmelodic) } {
       if { $fmri(level) == 1 } {
	      for { set session 1 } { $session <= $fmri(mult..."
    (file "/usr/local/fsl/bin/feat" line 390)
complete 4 F_rew type-act
child process exited abnormally
    while executing
"fsl:exec "${FSLDIR}/bin/feat_model design""
    invoked from within
"if { $done_something == 0 } {

    if { ! $fmri(inmelodic) } {
       if { $fmri(level) == 1 } {
	      for { set session 1 } { $session <= $fmri(mult..."
    (file "/usr/local/fsl/bin/feat" line 390)
complete 5 S_pun type-act
child process exited abnormally
    while executing
"fsl:exec "${FSLDIR}/bin/feat_model design""
    invoked from within
"if { $done_something == 0 } {

    if { ! $fmri(inmelodic) } {
       if { $fmri(level) == 1 } {
	      for { set session 1 } { $session <= $fmri(mult..."
    (file "/usr/local/fsl/bin/feat" line 390)
complete 6 S_rew type-act
child process exited abnormally
    while executing
"fsl:exec "${FSLDIR}/bin/feat_model design""
    invoked from within
"if { $done_something == 0 } {

    if { ! $fmri(inmelodic) } {
       if { $fmri(level) == 1 } {
	      for { set session 1 } { $session <= $fmri(mult..."
    (file "/usr/local/fsl/bin/feat" line 390)
complete 7 C_neu type-act
child process exited abnormally
    while executing
"fsl:exec "${FSLDIR}/bin/feat_model design""
    invoked from within
"if { $done_something == 0 } {

    if { ! $fmri(inmelodic) } {
       if { $fmri(level) == 1 } {
	      for { set session 1 } { $session <= $fmri(mult..."
    (file "/usr/local/fsl/bin/feat" line 390)
complete 8 F_neu type-act
child process exited abnormally
    while executing
"fsl:exec "${FSLDIR}/bin/feat_model design""
    invoked from within
"if { $done_something == 0 } {

    if { ! $fmri(inmelodic) } {
       if { $fmri(level) == 1 } {
	      for { set session 1 } { $session <= $fmri(mult..."
    (file "/usr/local/fsl/bin/feat" line 390)
complete 9 S_neu type-act
child process exited abnormally
    while executing
"fsl:exec "${FSLDIR}/bin/feat_model design""
    invoked from within
"if { $done_something == 0 } {

    if { ! $fmri(inmelodic) } {
       if { $fmri(level) == 1 } {
	      for { set session 1 } { $session <= $fmri(mult..."
    (file "/usr/local/fsl/bin/feat" line 390)
complete 10 rew-pun type-act
child process exited abnormally
    while executing
"fsl:exec "${FSLDIR}/bin/feat_model design""
    invoked from within
"if { $done_something == 0 } {

    if { ! $fmri(inmelodic) } {
       if { $fmri(level) == 1 } {
	      for { set session 1 } { $session <= $fmri(mult..."
    (file "/usr/local/fsl/bin/feat" line 390)
complete 11 F-S type-act
child process exited abnormally
    while executing
"fsl:exec "${FSLDIR}/bin/feat_model design""
    invoked from within
"if { $done_something == 0 } {

    if { ! $fmri(inmelodic) } {
       if { $fmri(level) == 1 } {
	      for { set session 1 } { $session <= $fmri(mult..."
    (file "/usr/local/fsl/bin/feat" line 390)
complete 12 F-C type-act
child process exited abnormally
    while executing
"fsl:exec "${FSLDIR}/bin/feat_model design""
    invoked from within
"if { $done_something == 0 } {

    if { ! $fmri(inmelodic) } {
       if { $fmri(level) == 1 } {
	      for { set session 1 } { $session <= $fmri(mult..."
    (file "/usr/local/fsl/bin/feat" line 390)
complete 13 FS-C type-act
child process exited abnormally
    while executing
"fsl:exec "${FSLDIR}/bin/feat_model design""
    invoked from within
"if { $done_something == 0 } {

    if { ! $fmri(inmelodic) } {
       if { $fmri(level) == 1 } {
	      for { set session 1 } { $session <= $fmri(mult..."
    (file "/usr/local/fsl/bin/feat" line 390)
complete 14 rew-pun_F-S type-act
child process exited abnormally
    while executing
"fsl:exec "${FSLDIR}/bin/feat_model design""
    invoked from within
"if { $done_something == 0 } {

    if { ! $fmri(inmelodic) } {
       if { $fmri(level) == 1 } {
	      for { set session 1 } { $session <= $fmri(mult..."
    (file "/usr/local/fsl/bin/feat" line 390)
complete 15 rew-pun_S-C type-act
child process exited abnormally
    while executing
"fsl:exec "${FSLDIR}/bin/feat_model design""
    invoked from within
"if { $done_something == 0 } {

    if { ! $fmri(inmelodic) } {
       if { $fmri(level) == 1 } {
	      for { set session 1 } { $session <= $fmri(mult..."
    (file "/usr/local/fsl/bin/feat" line 390)
complete 16 rew-pun_F-C type-act
child process exited abnormally
    while executing
"fsl:exec "${FSLDIR}/bin/feat_model design""
    invoked from within
"if { $done_something == 0 } {

    if { ! $fmri(inmelodic) } {
       if { $fmri(level) == 1 } {
	      for { set session 1 } { $session <= $fmri(mult..."
    (file "/usr/local/fsl/bin/feat" line 390)
complete 17 rew_F-S type-act
child process exited abnormally
    while executing
"fsl:exec "${FSLDIR}/bin/feat_model design""
    invoked from within
"if { $done_something == 0 } {

    if { ! $fmri(inmelodic) } {
       if { $fmri(level) == 1 } {
	      for { set session 1 } { $session <= $fmri(mult..."
    (file "/usr/local/fsl/bin/feat" line 390)
complete 18 rew_S-C type-act
child process exited abnormally
    while executing
"fsl:exec "${FSLDIR}/bin/feat_model design""
    invoked from within
"if { $done_something == 0 } {

    if { ! $fmri(inmelodic) } {
       if { $fmri(level) == 1 } {
	      for { set session 1 } { $session <= $fmri(mult..."
    (file "/usr/local/fsl/bin/feat" line 390)
complete 19 rew_F-C type-act
child process exited abnormally
    while executing
"fsl:exec "${FSLDIR}/bin/feat_model design""
    invoked from within
"if { $done_something == 0 } {

    if { ! $fmri(inmelodic) } {
       if { $fmri(level) == 1 } {
	      for { set session 1 } { $session <= $fmri(mult..."
    (file "/usr/local/fsl/bin/feat" line 390)
complete 20 rew-neu_F-S type-act
child process exited abnormally
    while executing
"fsl:exec "${FSLDIR}/bin/feat_model design""
    invoked from within
"if { $done_something == 0 } {

    if { ! $fmri(inmelodic) } {
       if { $fmri(level) == 1 } {
	      for { set session 1 } { $session <= $fmri(mult..."
    (file "/usr/local/fsl/bin/feat" line 390)
complete 21 rew-neu_S-C type-act
child process exited abnormally
    while executing
"fsl:exec "${FSLDIR}/bin/feat_model design""
    invoked from within
"if { $done_something == 0 } {

    if { ! $fmri(inmelodic) } {
       if { $fmri(level) == 1 } {
	      for { set session 1 } { $session <= $fmri(mult..."
    (file "/usr/local/fsl/bin/feat" line 390)
complete 22 reu-neu_F-C type-act
child process exited abnormally
    while executing
"fsl:exec "${FSLDIR}/bin/feat_model design""
    invoked from within
"if { $done_something == 0 } {

    if { ! $fmri(inmelodic) } {
       if { $fmri(level) == 1 } {
	      for { set session 1 } { $session <= $fmri(mult..."
    (file "/usr/local/fsl/bin/feat" line 390)
complete 23 F-SC type-act
child process exited abnormally
    while executing
"fsl:exec "${FSLDIR}/bin/feat_model design""
    invoked from within
"if { $done_something == 0 } {

    if { ! $fmri(inmelodic) } {
       if { $fmri(level) == 1 } {
	      for { set session 1 } { $session <= $fmri(mult..."
    (file "/usr/local/fsl/bin/feat" line 390)
complete 24 rew_F-SC type-act
child process exited abnormally
    while executing
"fsl:exec "${FSLDIR}/bin/feat_model design""
    invoked from within
"if { $done_something == 0 } {

    if { ! $fmri(inmelodic) } {
       if { $fmri(level) == 1 } {
	      for { set session 1 } { $session <= $fmri(mult..."
    (file "/usr/local/fsl/bin/feat" line 390)
complete 25 pun_F-SC type-act
child process exited abnormally
    while executing
"fsl:exec "${FSLDIR}/bin/feat_model design""
    invoked from within
"if { $done_something == 0 } {

    if { ! $fmri(inmelodic) } {
       if { $fmri(level) == 1 } {
	      for { set session 1 } { $session <= $fmri(mult..."
    (file "/usr/local/fsl/bin/feat" line 390)
complete 26 rew_pun_F-SC type-act
child process exited abnormally
    while executing
"fsl:exec "${FSLDIR}/bin/feat_model design""
    invoked from within
"if { $done_something == 0 } {

    if { ! $fmri(inmelodic) } {
       if { $fmri(level) == 1 } {
	      for { set session 1 } { $session <= $fmri(mult..."
    (file "/usr/local/fsl/bin/feat" line 390)
complete 27 F_dec type-act
child process exited abnormally
    while executing
"fsl:exec "${FSLDIR}/bin/feat_model design""
    invoked from within
"if { $done_something == 0 } {

    if { ! $fmri(inmelodic) } {
       if { $fmri(level) == 1 } {
	      for { set session 1 } { $session <= $fmri(mult..."
    (file "/usr/local/fsl/bin/feat" line 390)
complete 28 S_dec type-act
child process exited abnormally
    while executing
"fsl:exec "${FSLDIR}/bin/feat_model design""
    invoked from within
"if { $done_something == 0 } {

    if { ! $fmri(inmelodic) } {
       if { $fmri(level) == 1 } {
	      for { set session 1 } { $session <= $fmri(mult..."
    (file "/usr/local/fsl/bin/feat" line 390)
complete 29 C_dec type-act
child process exited abnormally
    while executing
"fsl:exec "${FSLDIR}/bin/feat_model design""
    invoked from within
"if { $done_something == 0 } {

    if { ! $fmri(inmelodic) } {
       if { $fmri(level) == 1 } {
	      for { set session 1 } { $session <= $fmri(mult..."
    (file "/usr/local/fsl/bin/feat" line 390)
complete 30 Face-NonFace type-act
child process exited abnormally
    while executing
"fsl:exec "${FSLDIR}/bin/feat_model design""
    invoked from within
"if { $done_something == 0 } {

    if { ! $fmri(inmelodic) } {
       if { $fmri(level) == 1 } {
	      for { set session 1 } { $session <= $fmri(mult..."
    (file "/usr/local/fsl/bin/feat" line 390)
complete 31 pun_F-S type-act
child process exited abnormally
    while executing
"fsl:exec "${FSLDIR}/bin/feat_model design""
    invoked from within
"if { $done_something == 0 } {

    if { ! $fmri(inmelodic) } {
       if { $fmri(level) == 1 } {
	      for { set session 1 } { $session <= $fmri(mult..."
    (file "/usr/local/fsl/bin/feat" line 390)
complete 32 pun_F-C type-act
child process exited abnormally
    while executing
"fsl:exec "${FSLDIR}/bin/feat_model design""
    invoked from within
"if { $done_something == 0 } {

    if { ! $fmri(inmelodic) } {
       if { $fmri(level) == 1 } {
	      for { set session 1 } { $sfzession <= $fmri(mult..."
    (file "/usr/local/fsl/bin/feat" line 390)
complete 33 dec_F-S type-act
child process exited abnormally
    while executing
"fsl:exec "${FSLDIR}/bin/feat_model design""
    invoked from within
"if { $done_something == 0 } {

    if { ! $fmri(inmelodic) } {
       if { $fmri(level) == 1 } {
	      for { set session 1 } { $session <= $fmri(mult..."
    (file "/usr/local/fsl/bin/feat" line 390)
complete 34 dec_F-C type-act
