complete 10462 1
complete 10478 1
complete 10584 1
complete 10603 1
complete 10617 1
Successfully extracted 10462 sharedreward /ZPOOL/data/projects/rf1-sra-sharedreward/masks/networkmasks/nan_rPNAS_2mm_net0000.nii.gz
complete 10641 1
Successfully extracted 10478 sharedreward /ZPOOL/data/projects/rf1-sra-sharedreward/masks/networkmasks/nan_rPNAS_2mm_net0000.nii.gz
complete 10668 1
complete 10803 1
complete 10809 1
Successfully extracted 10462 sharedreward /ZPOOL/data/projects/rf1-sra-sharedreward/masks/networkmasks/nan_rPNAS_2mm_net0001.nii.gz
complete 10881 1
Successfully extracted 10478 sharedreward /ZPOOL/data/projects/rf1-sra-sharedreward/masks/networkmasks/nan_rPNAS_2mm_net0001.nii.gz
complete 10926 1
Successfully extracted 10462 sharedreward /ZPOOL/data/projects/rf1-sra-sharedreward/masks/networkmasks/nan_rPNAS_2mm_net0002.nii.gz
Successfully extracted 10478 sharedreward /ZPOOL/data/projects/rf1-sra-sharedreward/masks/networkmasks/nan_rPNAS_2mm_net0002.nii.gz
Successfully extracted 10462 sharedreward /ZPOOL/data/projects/rf1-sra-sharedreward/masks/networkmasks/nan_rPNAS_2mm_net0003.nii.gz
Successfully extracted 10478 sharedreward /ZPOOL/data/projects/rf1-sra-sharedreward/masks/networkmasks/nan_rPNAS_2mm_net0003.nii.gz
Successfully extracted 10462 sharedreward /ZPOOL/data/projects/rf1-sra-sharedreward/masks/networkmasks/nan_rPNAS_2mm_net0004.nii.gz
Successfully extracted 10478 sharedreward /ZPOOL/data/projects/rf1-sra-sharedreward/masks/networkmasks/nan_rPNAS_2mm_net0004.nii.gz
Successfully extracted 10462 sharedreward /ZPOOL/data/projects/rf1-sra-sharedreward/masks/networkmasks/nan_rPNAS_2mm_net0005.nii.gz
Successfully extracted 10478 sharedreward /ZPOOL/data/projects/rf1-sra-sharedreward/masks/networkmasks/nan_rPNAS_2mm_net0005.nii.gz
Successfully extracted 10462 sharedreward /ZPOOL/data/projects/rf1-sra-sharedreward/masks/networkmasks/nan_rPNAS_2mm_net0006.nii.gz
Successfully extracted 10478 sharedreward /ZPOOL/data/projects/rf1-sra-sharedreward/masks/networkmasks/nan_rPNAS_2mm_net0006.nii.gz
Successfully extracted 10462 sharedreward /ZPOOL/data/projects/rf1-sra-sharedreward/masks/networkmasks/nan_rPNAS_2mm_net0007.nii.gz
Successfully extracted 10478 sharedreward /ZPOOL/data/projects/rf1-sra-sharedreward/masks/networkmasks/nan_rPNAS_2mm_net0007.nii.gz
Successfully extracted 10462 sharedreward /ZPOOL/data/projects/rf1-sra-sharedreward/masks/networkmasks/nan_rPNAS_2mm_net0008.nii.gz
Successfully extracted 10478 sharedreward /ZPOOL/data/projects/rf1-sra-sharedreward/masks/networkmasks/nan_rPNAS_2mm_net0008.nii.gz
Successfully extracted 10462 sharedreward /ZPOOL/data/projects/rf1-sra-sharedreward/masks/networkmasks/nan_rPNAS_2mm_net0009.nii.gz
Successfully extracted 10478 sharedreward /ZPOOL/data/projects/rf1-sra-sharedreward/masks/networkmasks/nan_rPNAS_2mm_net0009.nii.gz
To view the FEAT progress and final report, point your web browser at /ZPOOL/data/projects/rf1-sra-sharedreward/derivatives/fsl/sub-10462/L1_task-sharedreward_model-1_type-nppi-dmn_run-1_sm-6.feat/report_log.html
To view the FEAT progress and final report, point your web browser at /ZPOOL/data/projects/rf1-sra-sharedreward/derivatives/fsl/sub-10478/L1_task-sharedreward_model-1_type-nppi-dmn_run-1_sm-6.feat/report_log.html
child killed: hangup
    while executing
"fsl:exec "${FSLDIR}/bin/feat ${fsfroot}.fsf -D $FD -I $session -stats" -b $howlong -h $prestatsID -N feat3_film -l logs "
    (procedure "firstLevelMaster" line 190)
    invoked from within
"firstLevelMaster $session"
    invoked from within
"if { $done_something == 0 } {

    if { ! $fmri(inmelodic) } {
       if { $fmri(level) == 1 } {
	      for { set session 1 } { $session <= $fmri(mult..."
    (file "/usr/local/fsl/bin/feat" line 390)
child killed: hangup
    while executing
"fsl:exec "${FSLDIR}/bin/feat ${fsfroot}.fsf -D $FD -I $session -stats" -b $howlong -h $prestatsID -N feat3_film -l logs "
    (procedure "firstLevelMaster" line 190)
    invoked from within
"firstLevelMaster $session"
    invoked from within
"if { $done_something == 0 } {

    if { ! $fmri(inmelodic) } {
       if { $fmri(level) == 1 } {
	      for { set session 1 } { $session <= $fmri(mult..."
    (file "/usr/local/fsl/bin/feat" line 390)
