extra characters after close-quote
    while executing
"set fmri(evtitle6) "age_self_worsen"""
    (file "/ZPOOL/data/projects/rf1-sra-sharedreward/derivatives/fsl/L3_task-sharedreward_model-12_type-nppi-dmn_n93/L3_task-sharedreward_type-nppi-dmn_copenum-1..." line 2266)
    invoked from within
"source ${filename}"
    (procedure "feat5:load" line 27)
    invoked from within
"feat5:load -1 1 ${fsfroot}.fsf"
    (file "/usr/local/fsl/bin/feat" line 309)
complete 1 C_pun type-nppi-dmn
extra characters after close-quote
    while executing
"set fmri(evtitle6) "age_self_worsen"""
    (file "/ZPOOL/data/projects/rf1-sra-sharedreward/derivatives/fsl/L3_task-sharedreward_model-12_type-nppi-dmn_n93/L3_task-sharedreward_type-nppi-dmn_copenum-2..." line 2266)
    invoked from within
"source ${filename}"
    (procedure "feat5:load" line 27)
    invoked from within
"feat5:load -1 1 ${fsfroot}.fsf"
    (file "/usr/local/fsl/bin/feat" line 309)
complete 2 C_rew type-nppi-dmn
extra characters after close-quote
    while executing
"set fmri(evtitle6) "age_self_worsen"""
    (file "/ZPOOL/data/projects/rf1-sra-sharedreward/derivatives/fsl/L3_task-sharedreward_model-12_type-nppi-dmn_n93/L3_task-sharedreward_type-nppi-dmn_copenum-3..." line 2266)
    invoked from within
"source ${filename}"
    (procedure "feat5:load" line 27)
    invoked from within
"feat5:load -1 1 ${fsfroot}.fsf"
    (file "/usr/local/fsl/bin/feat" line 309)
complete 3 F_pun type-nppi-dmn
extra characters after close-quote
    while executing
"set fmri(evtitle6) "age_self_worsen"""
    (file "/ZPOOL/data/projects/rf1-sra-sharedreward/derivatives/fsl/L3_task-sharedreward_model-12_type-nppi-dmn_n93/L3_task-sharedreward_type-nppi-dmn_copenum-4..." line 2266)
    invoked from within
"source ${filename}"
    (procedure "feat5:load" line 27)
    invoked from within
"feat5:load -1 1 ${fsfroot}.fsf"
    (file "/usr/local/fsl/bin/feat" line 309)
complete 4 F_rew type-nppi-dmn
extra characters after close-quote
    while executing
"set fmri(evtitle6) "age_self_worsen"""
    (file "/ZPOOL/data/projects/rf1-sra-sharedreward/derivatives/fsl/L3_task-sharedreward_model-12_type-nppi-dmn_n93/L3_task-sharedreward_type-nppi-dmn_copenum-5..." line 2266)
    invoked from within
"source ${filename}"
    (procedure "feat5:load" line 27)
    invoked from within
"feat5:load -1 1 ${fsfroot}.fsf"
    (file "/usr/local/fsl/bin/feat" line 309)
complete 5 S_pun type-nppi-dmn
extra characters after close-quote
    while executing
"set fmri(evtitle6) "age_self_worsen"""
    (file "/ZPOOL/data/projects/rf1-sra-sharedreward/derivatives/fsl/L3_task-sharedreward_model-12_type-nppi-dmn_n93/L3_task-sharedreward_type-nppi-dmn_copenum-6..." line 2266)
    invoked from within
"source ${filename}"
    (procedure "feat5:load" line 27)
    invoked from within
"feat5:load -1 1 ${fsfroot}.fsf"
    (file "/usr/local/fsl/bin/feat" line 309)
complete 6 S_rew type-nppi-dmn
extra characters after close-quote
    while executing
"set fmri(evtitle6) "age_self_worsen"""
    (file "/ZPOOL/data/projects/rf1-sra-sharedreward/derivatives/fsl/L3_task-sharedreward_model-12_type-nppi-dmn_n93/L3_task-sharedreward_type-nppi-dmn_copenum-7..." line 2266)
    invoked from within
"source ${filename}"
    (procedure "feat5:load" line 27)
    invoked from within
"feat5:load -1 1 ${fsfroot}.fsf"
    (file "/usr/local/fsl/bin/feat" line 309)
complete 7 C_neu type-nppi-dmn
extra characters after close-quote
    while executing
"set fmri(evtitle6) "age_self_worsen"""
    (file "/ZPOOL/data/projects/rf1-sra-sharedreward/derivatives/fsl/L3_task-sharedreward_model-12_type-nppi-dmn_n93/L3_task-sharedreward_type-nppi-dmn_copenum-8..." line 2266)
    invoked from within
"source ${filename}"
    (procedure "feat5:load" line 27)
    invoked from within
"feat5:load -1 1 ${fsfroot}.fsf"
    (file "/usr/local/fsl/bin/feat" line 309)
complete 8 F_neu type-nppi-dmn
extra characters after close-quote
    while executing
"set fmri(evtitle6) "age_self_worsen"""
    (file "/ZPOOL/data/projects/rf1-sra-sharedreward/derivatives/fsl/L3_task-sharedreward_model-12_type-nppi-dmn_n93/L3_task-sharedreward_type-nppi-dmn_copenum-9..." line 2266)
    invoked from within
"source ${filename}"
    (procedure "feat5:load" line 27)
    invoked from within
"feat5:load -1 1 ${fsfroot}.fsf"
    (file "/usr/local/fsl/bin/feat" line 309)
complete 9 S_neu type-nppi-dmn
extra characters after close-quote
    while executing
"set fmri(evtitle6) "age_self_worsen"""
    (file "/ZPOOL/data/projects/rf1-sra-sharedreward/derivatives/fsl/L3_task-sharedreward_model-12_type-nppi-dmn_n93/L3_task-sharedreward_type-nppi-dmn_copenum-1..." line 2266)
    invoked from within
"source ${filename}"
    (procedure "feat5:load" line 27)
    invoked from within
"feat5:load -1 1 ${fsfroot}.fsf"
    (file "/usr/local/fsl/bin/feat" line 309)
complete 10 rew-pun type-nppi-dmn
extra characters after close-quote
    while executing
"set fmri(evtitle6) "age_self_worsen"""
    (file "/ZPOOL/data/projects/rf1-sra-sharedreward/derivatives/fsl/L3_task-sharedreward_model-12_type-nppi-dmn_n93/L3_task-sharedreward_type-nppi-dmn_copenum-1..." line 2266)
    invoked from within
"source ${filename}"
    (procedure "feat5:load" line 27)
    invoked from within
"feat5:load -1 1 ${fsfroot}.fsf"
    (file "/usr/local/fsl/bin/feat" line 309)
complete 11 F-S type-nppi-dmn
extra characters after close-quote
    while executing
"set fmri(evtitle6) "age_self_worsen"""
    (file "/ZPOOL/data/projects/rf1-sra-sharedreward/derivatives/fsl/L3_task-sharedreward_model-12_type-nppi-dmn_n93/L3_task-sharedreward_type-nppi-dmn_copenum-1..." line 2266)
    invoked from within
"source ${filename}"
    (procedure "feat5:load" line 27)
    invoked from within
"feat5:load -1 1 ${fsfroot}.fsf"
    (file "/usr/local/fsl/bin/feat" line 309)
complete 12 F-C type-nppi-dmn
extra characters after close-quote
    while executing
"set fmri(evtitle6) "age_self_worsen"""
    (file "/ZPOOL/data/projects/rf1-sra-sharedreward/derivatives/fsl/L3_task-sharedreward_model-12_type-nppi-dmn_n93/L3_task-sharedreward_type-nppi-dmn_copenum-1..." line 2266)
    invoked from within
"source ${filename}"
    (procedure "feat5:load" line 27)
    invoked from within
"feat5:load -1 1 ${fsfroot}.fsf"
    (file "/usr/local/fsl/bin/feat" line 309)
complete 13 FS-C type-nppi-dmn
extra characters after close-quote
    while executing
"set fmri(evtitle6) "age_self_worsen"""
    (file "/ZPOOL/data/projects/rf1-sra-sharedreward/derivatives/fsl/L3_task-sharedreward_model-12_type-nppi-dmn_n93/L3_task-sharedreward_type-nppi-dmn_copenum-1..." line 2266)
    invoked from within
"source ${filename}"
    (procedure "feat5:load" line 27)
    invoked from within
"feat5:load -1 1 ${fsfroot}.fsf"
    (file "/usr/local/fsl/bin/feat" line 309)
complete 14 rew-pun_F-S type-nppi-dmn
extra characters after close-quote
    while executing
"set fmri(evtitle6) "age_self_worsen"""
    (file "/ZPOOL/data/projects/rf1-sra-sharedreward/derivatives/fsl/L3_task-sharedreward_model-12_type-nppi-dmn_n93/L3_task-sharedreward_type-nppi-dmn_copenum-1..." line 2266)
    invoked from within
"source ${filename}"
    (procedure "feat5:load" line 27)
    invoked from within
"feat5:load -1 1 ${fsfroot}.fsf"
    (file "/usr/local/fsl/bin/feat" line 309)
complete 15 rew-pun_S-C type-nppi-dmn
extra characters after close-quote
    while executing
"set fmri(evtitle6) "age_self_worsen"""
    (file "/ZPOOL/data/projects/rf1-sra-sharedreward/derivatives/fsl/L3_task-sharedreward_model-12_type-nppi-dmn_n93/L3_task-sharedreward_type-nppi-dmn_copenum-1..." line 2266)
    invoked from within
"source ${filename}"
    (procedure "feat5:load" line 27)
    invoked from within
"feat5:load -1 1 ${fsfroot}.fsf"
    (file "/usr/local/fsl/bin/feat" line 309)
complete 16 rew-pun_F-C type-nppi-dmn
extra characters after close-quote
    while executing
"set fmri(evtitle6) "age_self_worsen"""
    (file "/ZPOOL/data/projects/rf1-sra-sharedreward/derivatives/fsl/L3_task-sharedreward_model-12_type-nppi-dmn_n93/L3_task-sharedreward_type-nppi-dmn_copenum-1..." line 2266)
    invoked from within
"source ${filename}"
    (procedure "feat5:load" line 27)
    invoked from within
"feat5:load -1 1 ${fsfroot}.fsf"
    (file "/usr/local/fsl/bin/feat" line 309)
complete 17 rew_F-S type-nppi-dmn
extra characters after close-quote
    while executing
"set fmri(evtitle6) "age_self_worsen"""
    (file "/ZPOOL/data/projects/rf1-sra-sharedreward/derivatives/fsl/L3_task-sharedreward_model-12_type-nppi-dmn_n93/L3_task-sharedreward_type-nppi-dmn_copenum-1..." line 2266)
    invoked from within
"source ${filename}"
    (procedure "feat5:load" line 27)
    invoked from within
"feat5:load -1 1 ${fsfroot}.fsf"
    (file "/usr/local/fsl/bin/feat" line 309)
complete 18 rew_S-C type-nppi-dmn
extra characters after close-quote
    while executing
"set fmri(evtitle6) "age_self_worsen"""
    (file "/ZPOOL/data/projects/rf1-sra-sharedreward/derivatives/fsl/L3_task-sharedreward_model-12_type-nppi-dmn_n93/L3_task-sharedreward_type-nppi-dmn_copenum-1..." line 2266)
    invoked from within
"source ${filename}"
    (procedure "feat5:load" line 27)
    invoked from within
"feat5:load -1 1 ${fsfroot}.fsf"
    (file "/usr/local/fsl/bin/feat" line 309)
complete 19 rew_F-C type-nppi-dmn
extra characters after close-quote
    while executing
"set fmri(evtitle6) "age_self_worsen"""
    (file "/ZPOOL/data/projects/rf1-sra-sharedreward/derivatives/fsl/L3_task-sharedreward_model-12_type-nppi-dmn_n93/L3_task-sharedreward_type-nppi-dmn_copenum-2..." line 2266)
    invoked from within
"source ${filename}"
    (procedure "feat5:load" line 27)
    invoked from within
"feat5:load -1 1 ${fsfroot}.fsf"
    (file "/usr/local/fsl/bin/feat" line 309)
complete 20 rew-neu_F-S type-nppi-dmn
extra characters after close-quote
    while executing
"set fmri(evtitle6) "age_self_worsen"""
    (file "/ZPOOL/data/projects/rf1-sra-sharedreward/derivatives/fsl/L3_task-sharedreward_model-12_type-nppi-dmn_n93/L3_task-sharedreward_type-nppi-dmn_copenum-2..." line 2266)
    invoked from within
"source ${filename}"
    (procedure "feat5:load" line 27)
    invoked from within
"feat5:load -1 1 ${fsfroot}.fsf"
    (file "/usr/local/fsl/bin/feat" line 309)
complete 21 rew-neu_S-C type-nppi-dmn
extra characters after close-quote
    while executing
"set fmri(evtitle6) "age_self_worsen"""
    (file "/ZPOOL/data/projects/rf1-sra-sharedreward/derivatives/fsl/L3_task-sharedreward_model-12_type-nppi-dmn_n93/L3_task-sharedreward_type-nppi-dmn_copenum-2..." line 2266)
    invoked from within
"source ${filename}"
    (procedure "feat5:load" line 27)
    invoked from within
"feat5:load -1 1 ${fsfroot}.fsf"
    (file "/usr/local/fsl/bin/feat" line 309)
complete 22 reu-neu_F-C type-nppi-dmn
extra characters after close-quote
    while executing
"set fmri(evtitle6) "age_self_worsen"""
    (file "/ZPOOL/data/projects/rf1-sra-sharedreward/derivatives/fsl/L3_task-sharedreward_model-12_type-nppi-dmn_n93/L3_task-sharedreward_type-nppi-dmn_copenum-2..." line 2266)
    invoked from within
"source ${filename}"
    (procedure "feat5:load" line 27)
    invoked from within
"feat5:load -1 1 ${fsfroot}.fsf"
    (file "/usr/local/fsl/bin/feat" line 309)
complete 23 F-SC type-nppi-dmn
extra characters after close-quote
    while executing
"set fmri(evtitle6) "age_self_worsen"""
    (file "/ZPOOL/data/projects/rf1-sra-sharedreward/derivatives/fsl/L3_task-sharedreward_model-12_type-nppi-dmn_n93/L3_task-sharedreward_type-nppi-dmn_copenum-2..." line 2266)
    invoked from within
"source ${filename}"
    (procedure "feat5:load" line 27)
    invoked from within
"feat5:load -1 1 ${fsfroot}.fsf"
    (file "/usr/local/fsl/bin/feat" line 309)
complete 24 rew_F-SC type-nppi-dmn
extra characters after close-quote
    while executing
"set fmri(evtitle6) "age_self_worsen"""
    (file "/ZPOOL/data/projects/rf1-sra-sharedreward/derivatives/fsl/L3_task-sharedreward_model-12_type-nppi-dmn_n93/L3_task-sharedreward_type-nppi-dmn_copenum-2..." line 2266)
    invoked from within
"source ${filename}"
    (procedure "feat5:load" line 27)
    invoked from within
"feat5:load -1 1 ${fsfroot}.fsf"
    (file "/usr/local/fsl/bin/feat" line 309)
complete 25 pun_F-SC type-nppi-dmn
extra characters after close-quote
    while executing
"set fmri(evtitle6) "age_self_worsen"""
    (file "/ZPOOL/data/projects/rf1-sra-sharedreward/derivatives/fsl/L3_task-sharedreward_model-12_type-nppi-dmn_n93/L3_task-sharedreward_type-nppi-dmn_copenum-2..." line 2266)
    invoked from within
"source ${filename}"
    (procedure "feat5:load" line 27)
    invoked from within
"feat5:load -1 1 ${fsfroot}.fsf"
    (file "/usr/local/fsl/bin/feat" line 309)
complete 26 rew_pun_F-SC type-nppi-dmn
extra characters after close-quote
    while executing
"set fmri(evtitle6) "age_self_worsen"""
    (file "/ZPOOL/data/projects/rf1-sra-sharedreward/derivatives/fsl/L3_task-sharedreward_model-12_type-nppi-dmn_n93/L3_task-sharedreward_type-nppi-dmn_copenum-2..." line 2266)
    invoked from within
"source ${filename}"
    (procedure "feat5:load" line 27)
    invoked from within
"feat5:load -1 1 ${fsfroot}.fsf"
    (file "/usr/local/fsl/bin/feat" line 309)
complete 27 F_dec type-nppi-dmn
extra characters after close-quote
    while executing
"set fmri(evtitle6) "age_self_worsen"""
    (file "/ZPOOL/data/projects/rf1-sra-sharedreward/derivatives/fsl/L3_task-sharedreward_model-12_type-nppi-dmn_n93/L3_task-sharedreward_type-nppi-dmn_copenum-2..." line 2266)
    invoked from within
"source ${filename}"
    (procedure "feat5:load" line 27)
    invoked from within
"feat5:load -1 1 ${fsfroot}.fsf"
    (file "/usr/local/fsl/bin/feat" line 309)
complete 28 S_dec type-nppi-dmn
extra characters after close-quote
    while executing
"set fmri(evtitle6) "age_self_worsen"""
    (file "/ZPOOL/data/projects/rf1-sra-sharedreward/derivatives/fsl/L3_task-sharedreward_model-12_type-nppi-dmn_n93/L3_task-sharedreward_type-nppi-dmn_copenum-2..." line 2266)
    invoked from within
"source ${filename}"
    (procedure "feat5:load" line 27)
    invoked from within
"feat5:load -1 1 ${fsfroot}.fsf"
    (file "/usr/local/fsl/bin/feat" line 309)
complete 29 C_dec type-nppi-dmn
extra characters after close-quote
    while executing
"set fmri(evtitle6) "age_self_worsen"""
    (file "/ZPOOL/data/projects/rf1-sra-sharedreward/derivatives/fsl/L3_task-sharedreward_model-12_type-nppi-dmn_n93/L3_task-sharedreward_type-nppi-dmn_copenum-3..." line 2266)
    invoked from within
"source ${filename}"
    (procedure "feat5:load" line 27)
    invoked from within
"feat5:load -1 1 ${fsfroot}.fsf"
    (file "/usr/local/fsl/bin/feat" line 309)
complete 30 Face-NonFace type-nppi-dmn
extra characters after close-quote
    while executing
"set fmri(evtitle6) "age_self_worsen"""
    (file "/ZPOOL/data/projects/rf1-sra-sharedreward/derivatives/fsl/L3_task-sharedreward_model-12_type-nppi-dmn_n93/L3_task-sharedreward_type-nppi-dmn_copenum-3..." line 2266)
    invoked from within
"source ${filename}"
    (procedure "feat5:load" line 27)
    invoked from within
"feat5:load -1 1 ${fsfroot}.fsf"
    (file "/usr/local/fsl/bin/feat" line 309)
complete 31 pun_F-S type-nppi-dmn
extra characters after close-quote
    while executing
"set fmri(evtitle6) "age_self_worsen"""
    (file "/ZPOOL/data/projects/rf1-sra-sharedreward/derivatives/fsl/L3_task-sharedreward_model-12_type-nppi-dmn_n93/L3_task-sharedreward_type-nppi-dmn_copenum-3..." line 2266)
    invoked from within
"source ${filename}"
    (procedure "feat5:load" line 27)
    invoked from within
"feat5:load -1 1 ${fsfroot}.fsf"
    (file "/usr/local/fsl/bin/feat" line 309)
complete 32 pun_F-C type-nppi-dmn
extra characters after close-quote
    while executing
"set fmri(evtitle6) "age_self_worsen"""
    (file "/ZPOOL/data/projects/rf1-sra-sharedreward/derivatives/fsl/L3_task-sharedreward_model-12_type-nppi-dmn_n93/L3_task-sharedreward_type-nppi-dmn_copenum-3..." line 2266)
    invoked from within
"source ${filename}"
    (procedure "feat5:load" line 27)
    invoked from within
"feat5:load -1 1 ${fsfroot}.fsf"
    (file "/usr/local/fsl/bin/feat" line 309)
complete 33 dec_F-S type-nppi-dmn
extra characters after close-quote
    while executing
"set fmri(evtitle6) "age_self_worsen"""
    (file "/ZPOOL/data/projects/rf1-sra-sharedreward/derivatives/fsl/L3_task-sharedreward_model-12_type-nppi-dmn_n93/L3_task-sharedreward_type-nppi-dmn_copenum-3..." line 2266)
    invoked from within
"source ${filename}"
    (procedure "feat5:load" line 27)
    invoked from within
"feat5:load -1 1 ${fsfroot}.fsf"
    (file "/usr/local/fsl/bin/feat" line 309)
complete 34 dec_F-C type-nppi-dmn
extra characters after close-quote
    while executing
"set fmri(evtitle6) "age_self_worsen"""
    (file "/ZPOOL/data/projects/rf1-sra-sharedreward/derivatives/fsl/L3_task-sharedreward_model-12_type-nppi-dmn_n93/L3_task-sharedreward_type-nppi-dmn_copenum-3..." line 2266)
    invoked from within
"source ${filename}"
    (procedure "feat5:load" line 27)
    invoked from within
"feat5:load -1 1 ${fsfroot}.fsf"
    (file "/usr/local/fsl/bin/feat" line 309)
complete 35 mainnet type-nppi-dmn
